2026-08-22 14:19:54.345 [info] [main] Log level: Info
2026-08-22 14:19:54.345 [info] [main] Validating found git in: "git"
2026-08-22 14:19:54.345 [info] [main] Using git "2.25.1" from "git"
2026-08-22 14:19:54.345 [info] [Model][doInitialScan] Initial repository scan started
2026-08-22 14:19:54.345 [info] > git rev-parse --show-toplevel [11ms]
2026-08-22 14:19:54.349 [info] > git rev-parse --git-dir --git-common-dir --show-superproject-working-tree [10ms]
2026-08-22 14:19:54.349 [info] [Model][openRepository] Opened repository (path): /voc/work
2026-08-22 14:19:54.349 [info] [Model][openRepository] Opened repository (real path): /voc/work
2026-08-22 14:19:54.349 [info] [Model][openRepository] Opened repository (kind): repository
2026-08-22 14:19:54.349 [info] > git config --get commit.template [9ms]
2026-08-22 14:19:54.349 [info] > git rev-parse --show-toplevel [8ms]
2026-08-22 14:19:54.349 [info] > git for-each-ref --format=%(refname)%00%(upstream:short)%00%(objectname)%00%(upstream:track)%00%(upstream:remotename)%00%(upstream:remoteref) refs/heads/master refs/remotes/master [13ms]
2026-08-22 14:19:54.349 [warning] [Git][getBranch] No such branch: master
2026-08-22 14:19:54.349 [info] > git rev-parse --show-toplevel [11ms]
2026-08-22 14:19:54.349 [info] > git rev-parse --show-toplevel [9ms]
2026-08-22 14:19:54.349 [info] > git for-each-ref --sort -committerdate --format %(refname)%00%(objectname)%00%(*objectname) [14ms]
2026-08-22 14:19:54.349 [info] > git rev-parse --show-toplevel [8ms]
2026-08-22 14:19:54.349 [info] > git rev-parse --show-toplevel [9ms]
2026-08-22 14:19:54.349 [info] > git rev-parse --show-toplevel [11ms]
2026-08-22 14:19:54.349 [info] > git rev-parse --show-toplevel [10ms]
2026-08-22 14:19:54.349 [info] > git rev-parse --show-toplevel [9ms]
2026-08-22 14:19:54.349 [info] > git rev-parse --show-toplevel [10ms]
2026-08-22 14:19:54.349 [info] > git rev-parse --show-toplevel [10ms]
2026-08-22 14:19:54.349 [info] [Model][doInitialScan] Initial repository scan completed - repositories (1), closed repositories (0), parent repositories (0), unsafe repositories (0)
2026-08-22 14:19:54.349 [info] > git status -z -uall [110ms]
2026-08-22 14:19:54.349 [info] > git for-each-ref --format=%(refname)%00%(upstream:short)%00%(objectname)%00%(upstream:track)%00%(upstream:remotename)%00%(upstream:remoteref) refs/heads/master refs/remotes/master [12ms]
2026-08-22 14:19:54.349 [warning] [Git][getBranch] No such branch: master
2026-08-22 14:19:54.349 [error] [GitHistoryProvider][resolveHEADMergeBase] Failed to resolve merge base for master: Error: No such branch: master.
2026-08-22 14:19:54.349 [info] > git config --get commit.template [10ms]
2026-08-22 14:19:54.349 [info] > git for-each-ref --format=%(refname)%00%(upstream:short)%00%(objectname)%00%(upstream:track)%00%(upstream:remotename)%00%(upstream:remoteref) refs/heads/master refs/remotes/master [14ms]
2026-08-22 14:19:54.349 [warning] [Git][getBranch] No such branch: master
2026-08-22 14:19:54.349 [info] > git status -z -uall [707ms]
2026-08-22 14:19:54.349 [info] > git for-each-ref --sort -committerdate --format %(refname)%00%(objectname)%00%(*objectname) [706ms]
2026-08-22 14:19:54.842 [info] > git check-ignore -v -z --stdin [28ms]
