2026-08-22 16:06:00.422 [info] Reading sessions from keychain...
2026-08-22 16:06:00.422 [info] Got stored sessions!
2026-08-22 16:06:00.422 [info] Got 1 verified sessions.
2026-08-22 16:06:00.422 [info] Getting sessions for all scopes...
2026-08-22 16:06:00.422 [info] Got 1 sessions for ...
2026-08-22 16:06:00.555 [info] Getting sessions for all scopes...
2026-08-22 16:06:00.555 [info] Got 1 sessions for ...
2026-08-22 16:06:00.555 [info] Getting sessions for all scopes...
2026-08-22 16:06:00.555 [info] Got 1 sessions for ...
2026-08-22 16:06:00.632 [info] Getting sessions for all scopes...
2026-08-22 16:06:00.632 [info] Got 1 sessions for ...
2026-08-22 16:06:00.632 [info] Getting sessions for all scopes...
2026-08-22 16:06:00.632 [info] Got 1 sessions for ...
2026-08-22 16:06:00.633 [info] Getting sessions for read:user,repo,user:email,workflow...
2026-08-22 16:06:00.636 [info] Got 1 sessions for read:user,repo,user:email,workflow...
2026-08-22 16:06:01.152 [info] Getting sessions for all scopes...
2026-08-22 16:06:01.152 [info] Got 1 sessions for ...
2026-08-22 16:07:12.316 [info] Getting sessions for read:user,repo,user:email,workflow...
2026-08-22 16:07:12.317 [info] Got 1 sessions for read:user,repo,user:email,workflow...
2026-08-22 16:15:49.844 [info] Getting sessions for read:user,repo,user:email,workflow...
2026-08-22 16:15:49.845 [info] Got 1 sessions for read:user,repo,user:email,workflow...
