2026-08-16 15:34:59.831 [info] Installing C# dependencies...
2026-08-16 15:34:59.831 [info] 

2026-08-16 15:34:59.831 [info] Platform: linux, x86_64, name=ubuntu, version=20.04

2026-08-16 15:34:59.831 [info] 

2026-08-16 15:34:59.831 [info] Downloading package 'OmniSharp for Linux (.NET 6 / x64)' 
2026-08-16 15:34:59.983 [info] (48238 KB)
2026-08-16 15:34:59.983 [info] .
2026-08-16 15:35:00.079 [info] 
2026-08-16 15:35:00.118 [info] 
2026-08-16 15:35:00.137 [info] 
2026-08-16 15:35:00.139 [info] 
2026-08-16 15:35:00.157 [info] .
2026-08-16 15:35:00.160 [info] 
2026-08-16 15:35:00.177 [info] 
2026-08-16 15:35:00.178 [info] 
2026-08-16 15:35:00.214 [info] 
2026-08-16 15:35:00.215 [info] .
2026-08-16 15:35:00.220 [info] 
2026-08-16 15:35:00.234 [info] 
2026-08-16 15:35:00.235 [info] 
2026-08-16 15:35:00.239 [info] 
2026-08-16 15:35:00.253 [info] .
2026-08-16 15:35:00.254 [info] 
2026-08-16 15:35:00.286 [info] 
2026-08-16 15:35:00.287 [info] 
2026-08-16 15:35:00.290 [info] 
2026-08-16 15:35:00.331 [info] .
2026-08-16 15:35:00.333 [info] 
2026-08-16 15:35:00.336 [info] 
2026-08-16 15:35:00.340 [info] 
2026-08-16 15:35:00.343 [info] 
2026-08-16 15:35:00.347 [info] .
2026-08-16 15:35:00.380 [info] 
2026-08-16 15:35:00.381 [info] 
2026-08-16 15:35:00.385 [info] 
2026-08-16 15:35:00.400 [info] 
2026-08-16 15:35:00.401 [info] .
2026-08-16 15:35:00.404 [info] 
2026-08-16 15:35:00.431 [info] 
2026-08-16 15:35:00.432 [info] 
2026-08-16 15:35:00.496 [info] 
2026-08-16 15:35:00.497 [info] .
2026-08-16 15:35:00.501 [info] 
2026-08-16 15:35:00.505 [info] 
2026-08-16 15:35:00.516 [info] 
2026-08-16 15:35:00.517 [info] 
2026-08-16 15:35:00.520 [info] .
2026-08-16 15:35:00.536 [info] 
2026-08-16 15:35:00.537 [info] 
2026-08-16 15:35:00.569 [info] 
2026-08-16 15:35:00.569 [info] 
2026-08-16 15:35:00.573 [info] .
2026-08-16 15:35:00.588 [info] 
2026-08-16 15:35:00.589 [info] 
2026-08-16 15:35:00.593 [info] 
2026-08-16 15:35:00.608 [info] 
2026-08-16 15:35:00.609 [info] .
2026-08-16 15:35:00.640 [info] 
2026-08-16 15:35:00.641 [info] 
2026-08-16 15:35:00.645 [info] 
2026-08-16 15:35:00.659 [info] 
2026-08-16 15:35:00.661 [info] .
2026-08-16 15:35:00.663 [info] 
2026-08-16 15:35:00.667 [info] 
2026-08-16 15:35:00.680 [info] 
2026-08-16 15:35:00.681 [info] 
2026-08-16 15:35:00.715 [info] .
2026-08-16 15:35:00.716 [info] 
2026-08-16 15:35:00.720 [info] 
2026-08-16 15:35:00.734 [info] 
2026-08-16 15:35:00.734 [info] 
2026-08-16 15:35:00.738 [info] .
2026-08-16 15:35:00.762 [info] 
2026-08-16 15:35:00.763 [info] 
2026-08-16 15:35:00.794 [info] 
2026-08-16 15:35:00.795 [info] 
2026-08-16 15:35:00.799 [info] .
2026-08-16 15:35:00.834 [info] 
2026-08-16 15:35:00.835 [info] 
2026-08-16 15:35:00.839 [info] 
2026-08-16 15:35:00.854 [info] 
2026-08-16 15:35:00.855 [info] .
2026-08-16 15:35:00.859 [info] 
2026-08-16 15:35:00.905 [info] 
2026-08-16 15:35:00.906 [info] 
2026-08-16 15:35:00.924 [info] 
2026-08-16 15:35:00.925 [info] .
2026-08-16 15:35:00.943 [info] 
2026-08-16 15:35:00.944 [info] 
2026-08-16 15:35:00.967 [info] 
2026-08-16 15:35:00.968 [info] 
2026-08-16 15:35:01.006 [info] .
2026-08-16 15:35:01.007 [info] 
2026-08-16 15:35:01.011 [info] 
2026-08-16 15:35:01.026 [info] 
2026-08-16 15:35:01.027 [info] 
2026-08-16 15:35:01.046 [info] .
2026-08-16 15:35:01.047 [info] 
2026-08-16 15:35:01.069 [info] 
2026-08-16 15:35:01.070 [info] 
2026-08-16 15:35:01.093 [info] 
2026-08-16 15:35:01.094 [info] .
2026-08-16 15:35:01.113 [info] 
2026-08-16 15:35:01.114 [info] 
2026-08-16 15:35:01.132 [info] 
2026-08-16 15:35:01.133 [info] 
2026-08-16 15:35:01.176 [info]  Done!

2026-08-16 15:35:01.301 [info] Validating download...

2026-08-16 15:35:01.301 [info] Integrity Check succeeded.

2026-08-16 15:35:01.301 [info] Installing package 'OmniSharp for Linux (.NET 6 / x64)'

2026-08-16 15:35:01.301 [info] 

2026-08-16 15:35:02.064 [info] Downloading package '.NET Core Debugger (linux / x64)' 
2026-08-16 15:35:02.786 [info] (3489 KB)
2026-08-16 15:35:02.786 [info] .
2026-08-16 15:35:02.790 [info] 
2026-08-16 15:35:02.797 [info] 
2026-08-16 15:35:02.800 [info] 
2026-08-16 15:35:02.804 [info] 
2026-08-16 15:35:02.805 [info] .
2026-08-16 15:35:02.807 [info] 
2026-08-16 15:35:02.809 [info] 
2026-08-16 15:35:02.811 [info] 
2026-08-16 15:35:02.813 [info] 
2026-08-16 15:35:02.813 [info] .
2026-08-16 15:35:02.813 [info] 
2026-08-16 15:35:02.813 [info] 
2026-08-16 15:35:02.813 [info] 
2026-08-16 15:35:02.814 [info] 
2026-08-16 15:35:02.818 [info] .
2026-08-16 15:35:02.818 [info] 
2026-08-16 15:35:02.818 [info] 
2026-08-16 15:35:02.818 [info] 
2026-08-16 15:35:02.821 [info] 
2026-08-16 15:35:02.821 [info] .
2026-08-16 15:35:02.821 [info] 
2026-08-16 15:35:02.822 [info] 
2026-08-16 15:35:02.822 [info] 
2026-08-16 15:35:02.822 [info] 
2026-08-16 15:35:02.822 [info] .
2026-08-16 15:35:02.826 [info] 
2026-08-16 15:35:02.826 [info] 
2026-08-16 15:35:02.826 [info] 
2026-08-16 15:35:02.826 [info] 
2026-08-16 15:35:02.826 [info] .
2026-08-16 15:35:02.830 [info] 
2026-08-16 15:35:02.833 [info] 
2026-08-16 15:35:02.833 [info] 
2026-08-16 15:35:02.833 [info] 
2026-08-16 15:35:02.833 [info] .
2026-08-16 15:35:02.833 [info] 
2026-08-16 15:35:02.833 [info] 
2026-08-16 15:35:02.833 [info] 
2026-08-16 15:35:02.837 [info] 
2026-08-16 15:35:02.837 [info] .
2026-08-16 15:35:02.837 [info] 
2026-08-16 15:35:02.838 [info] 
2026-08-16 15:35:02.838 [info] 
2026-08-16 15:35:02.838 [info] 
2026-08-16 15:35:02.838 [info] .
2026-08-16 15:35:02.838 [info] 
2026-08-16 15:35:02.838 [info] 
2026-08-16 15:35:02.842 [info] 
2026-08-16 15:35:02.842 [info] 
2026-08-16 15:35:02.842 [info] .
2026-08-16 15:35:02.842 [info] 
2026-08-16 15:35:02.842 [info] 
2026-08-16 15:35:02.846 [info] 
2026-08-16 15:35:02.846 [info] 
2026-08-16 15:35:02.846 [info] .
2026-08-16 15:35:02.846 [info] 
2026-08-16 15:35:02.847 [info] 
2026-08-16 15:35:02.847 [info] 
2026-08-16 15:35:02.847 [info] 
2026-08-16 15:35:02.851 [info] .
2026-08-16 15:35:02.851 [info] 
2026-08-16 15:35:02.851 [info] 
2026-08-16 15:35:02.851 [info] 
2026-08-16 15:35:02.851 [info] 
2026-08-16 15:35:02.851 [info] .
2026-08-16 15:35:02.851 [info] 
2026-08-16 15:35:02.854 [info] 
2026-08-16 15:35:02.854 [info] 
2026-08-16 15:35:02.854 [info] 
2026-08-16 15:35:02.854 [info] .
2026-08-16 15:35:02.854 [info] 
2026-08-16 15:35:02.855 [info] 
2026-08-16 15:35:02.855 [info] 
2026-08-16 15:35:02.855 [info] 
2026-08-16 15:35:02.858 [info] .
2026-08-16 15:35:02.858 [info] 
2026-08-16 15:35:02.858 [info] 
2026-08-16 15:35:02.858 [info] 
2026-08-16 15:35:02.858 [info] 
2026-08-16 15:35:02.863 [info] .
2026-08-16 15:35:02.863 [info] 
2026-08-16 15:35:02.863 [info] 
2026-08-16 15:35:02.863 [info] 
2026-08-16 15:35:02.863 [info] 
2026-08-16 15:35:02.863 [info] .
2026-08-16 15:35:02.863 [info] 
2026-08-16 15:35:02.863 [info] 
2026-08-16 15:35:02.867 [info] 
2026-08-16 15:35:02.867 [info] 
2026-08-16 15:35:02.867 [info] .
2026-08-16 15:35:02.867 [info] 
2026-08-16 15:35:02.867 [info] 
2026-08-16 15:35:02.867 [info] 
2026-08-16 15:35:02.867 [info] 
2026-08-16 15:35:02.870 [info] .
2026-08-16 15:35:02.870 [info] 
2026-08-16 15:35:02.871 [info] 
2026-08-16 15:35:02.871 [info] 
2026-08-16 15:35:02.871 [info] 
2026-08-16 15:35:02.871 [info]  Done!

2026-08-16 15:35:02.876 [info] Installing package '.NET Core Debugger (linux / x64)'

2026-08-16 15:35:02.879 [info] 

2026-08-16 15:35:02.947 [info] Finished

2026-08-16 15:35:02.947 [info] 

2026-08-16 15:35:02.961 [info] Installing Razor OmniSharp Version = 7.0.0-preview.23363.1...
2026-08-16 15:35:02.961 [info] 

2026-08-16 15:35:02.961 [info] Platform: linux, x86_64, name=ubuntu, version=20.04

2026-08-16 15:35:02.961 [info] 

2026-08-16 15:35:02.962 [info] Downloading package 'Razor Language Server for OmniSharp (Linux / x64)' 
2026-08-16 15:35:03.490 [info] (73248 KB)
2026-08-16 15:35:03.490 [info] .
2026-08-16 15:35:03.529 [info] 
2026-08-16 15:35:03.545 [info] 
2026-08-16 15:35:03.565 [info] 
2026-08-16 15:35:03.568 [info] 
2026-08-16 15:35:03.577 [info] .
2026-08-16 15:35:03.607 [info] 
2026-08-16 15:35:03.610 [info] 
2026-08-16 15:35:03.616 [info] 
2026-08-16 15:35:03.669 [info] 
2026-08-16 15:35:03.671 [info] .
2026-08-16 15:35:03.675 [info] 
2026-08-16 15:35:03.721 [info] 
2026-08-16 15:35:03.729 [info] 
2026-08-16 15:35:03.771 [info] 
2026-08-16 15:35:03.793 [info] .
2026-08-16 15:35:03.795 [info] 
2026-08-16 15:35:03.831 [info] 
2026-08-16 15:35:03.844 [info] 
2026-08-16 15:35:03.856 [info] 
2026-08-16 15:35:03.869 [info] .
2026-08-16 15:35:03.877 [info] 
2026-08-16 15:35:03.887 [info] 
2026-08-16 15:35:03.924 [info] 
2026-08-16 15:35:03.931 [info] 
2026-08-16 15:35:03.942 [info] .
2026-08-16 15:35:03.983 [info] 
2026-08-16 15:35:03.990 [info] 
2026-08-16 15:35:04.018 [info] 
2026-08-16 15:35:04.046 [info] 
2026-08-16 15:35:04.064 [info] .
2026-08-16 15:35:04.090 [info] 
2026-08-16 15:35:04.097 [info] 
2026-08-16 15:35:04.108 [info] 
2026-08-16 15:35:04.145 [info] 
2026-08-16 15:35:04.147 [info] .
2026-08-16 15:35:04.161 [info] 
2026-08-16 15:35:04.220 [info] 
2026-08-16 15:35:04.226 [info] 
2026-08-16 15:35:04.238 [info] 
2026-08-16 15:35:04.280 [info] .
2026-08-16 15:35:04.282 [info] 
2026-08-16 15:35:04.298 [info] 
2026-08-16 15:35:04.316 [info] 
2026-08-16 15:35:04.330 [info] 
2026-08-16 15:35:04.382 [info] .
2026-08-16 15:35:04.425 [info] 
2026-08-16 15:35:04.427 [info] 
2026-08-16 15:35:04.447 [info] 
2026-08-16 15:35:04.452 [info] 
2026-08-16 15:35:04.457 [info] .
2026-08-16 15:35:04.488 [info] 
2026-08-16 15:35:04.498 [info] 
2026-08-16 15:35:04.500 [info] 
2026-08-16 15:35:04.538 [info] 
2026-08-16 15:35:04.540 [info] .
2026-08-16 15:35:04.574 [info] 
2026-08-16 15:35:04.576 [info] 
2026-08-16 15:35:04.580 [info] 
2026-08-16 15:35:04.604 [info] 
2026-08-16 15:35:04.614 [info] .
2026-08-16 15:35:04.623 [info] 
2026-08-16 15:35:04.641 [info] 
2026-08-16 15:35:04.699 [info] 
2026-08-16 15:35:04.701 [info] 
2026-08-16 15:35:04.705 [info] .
2026-08-16 15:35:04.709 [info] 
2026-08-16 15:35:04.713 [info] 
2026-08-16 15:35:04.717 [info] 
2026-08-16 15:35:04.720 [info] 
2026-08-16 15:35:04.727 [info] .
2026-08-16 15:35:04.738 [info] 
2026-08-16 15:35:04.741 [info] 
2026-08-16 15:35:04.767 [info] 
2026-08-16 15:35:04.769 [info] 
2026-08-16 15:35:04.776 [info] .
2026-08-16 15:35:04.799 [info] 
2026-08-16 15:35:04.808 [info] 
2026-08-16 15:35:04.810 [info] 
2026-08-16 15:35:04.834 [info] 
2026-08-16 15:35:04.846 [info] .
2026-08-16 15:35:04.848 [info] 
2026-08-16 15:35:04.895 [info] 
2026-08-16 15:35:04.939 [info] 
2026-08-16 15:35:04.957 [info] 
2026-08-16 15:35:04.966 [info] .
2026-08-16 15:35:04.975 [info] 
2026-08-16 15:35:04.996 [info] 
2026-08-16 15:35:05.010 [info] 
2026-08-16 15:35:05.021 [info] 
2026-08-16 15:35:05.066 [info] .
2026-08-16 15:35:05.067 [info] 
2026-08-16 15:35:05.077 [info] 
2026-08-16 15:35:05.106 [info] 
2026-08-16 15:35:05.127 [info] 
2026-08-16 15:35:05.128 [info] .
2026-08-16 15:35:05.144 [info] 
2026-08-16 15:35:05.150 [info] 
2026-08-16 15:35:05.233 [info] 
2026-08-16 15:35:05.265 [info] 
2026-08-16 15:35:05.309 [info]  Done!

2026-08-16 15:35:05.311 [info] Installing package 'Razor Language Server for OmniSharp (Linux / x64)'

2026-08-16 15:35:05.313 [info] 

2026-08-16 15:35:07.069 [info] Finished

2026-08-16 15:35:07.070 [info] 

