2026-08-16 15:26:49.726 [info] Reading sessions from keychain...
2026-08-16 15:26:49.726 [info] Getting sessions for all scopes...
2026-08-16 15:26:49.726 [info] Got 0 sessions for ...
2026-08-16 15:26:49.726 [info] Getting sessions for all scopes...
2026-08-16 15:26:49.726 [info] Got 0 sessions for ...
2026-08-16 15:26:49.726 [info] Getting sessions for all scopes...
2026-08-16 15:26:49.726 [info] Got 0 sessions for ...
2026-08-16 15:26:49.726 [info] Getting sessions for all scopes...
2026-08-16 15:26:49.726 [info] Got 0 sessions for ...
2026-08-16 15:26:49.726 [info] Getting sessions for all scopes...
2026-08-16 15:26:49.726 [info] Got 0 sessions for ...
2026-08-16 15:26:49.955 [info] Getting sessions for read:user,repo,user:email,workflow...
2026-08-16 15:26:49.955 [info] Got 0 sessions for read:user,repo,user:email,workflow...
2026-08-16 15:26:53.439 [info] Logging in with 'any' account...
2026-08-16 15:26:53.439 [info] Logging in for the following scopes: read:user repo user:email workflow
2026-08-16 15:26:53.917 [info] Trying device code flow... (read:user repo user:email workflow)
2026-08-16 15:29:15.487 [error] Timed out
2026-08-16 15:34:06.986 [info] Trying to retrieve PAT... (read:user repo user:email workflow)
2026-08-16 15:34:37.154 [error] User Cancelled
2026-08-16 15:41:45.864 [info] Getting sessions for read:user,repo,user:email,workflow...
2026-08-16 15:41:45.865 [info] Got 0 sessions for read:user,repo,user:email,workflow...
2026-08-16 15:41:48.279 [info] Logging in with 'any' account...
2026-08-16 15:41:48.279 [info] Logging in for the following scopes: read:user repo user:email workflow
2026-08-16 15:41:48.739 [info] Trying device code flow... (read:user repo user:email workflow)
2026-08-16 15:45:30.914 [error] Timed out
2026-08-16 15:45:58.875 [info] Trying to retrieve PAT... (read:user repo user:email workflow)
2026-08-16 15:58:05.711 [info] Getting token scopes...
2026-08-16 15:58:06.108 [error] Getting scopes failed: Unauthorized
2026-08-16 15:58:06.108 [error] Unauthorized
2026-08-16 15:58:06.108 [error] network error
2026-08-16 15:58:06.109 [error] Error: No auth flow succeeded.
	at t.GitHubServer.login (/usr/local/lib/code-server-4.103.2/lib/vscode/extensions/github-authentication/dist/extension.js:2:168928)
	at process.processTicksAndRejections (node:internal/process/task_queues:105:5)
	at async t.GitHubAuthenticationProvider.createSession (/usr/local/lib/code-server-4.103.2/lib/vscode/extensions/github-authentication/dist/extension.js:2:44387)
	at async file:///usr/local/lib/code-server-4.103.2/lib/vscode/out/vs/workbench/api/node/extensionHostProcess.js:114:10822
2026-08-16 16:02:48.464 [info] Getting sessions for read:user,repo,user:email,workflow...
2026-08-16 16:02:48.467 [info] Got 0 sessions for read:user,repo,user:email,workflow...
2026-08-16 16:02:52.919 [info] Logging in with 'any' account...
2026-08-16 16:02:52.919 [info] Logging in for the following scopes: read:user repo user:email workflow
2026-08-16 16:02:53.168 [info] Trying device code flow... (read:user repo user:email workflow)
2026-08-16 16:05:14.355 [error] Timed out
2026-08-16 16:06:18.382 [info] Trying to retrieve PAT... (read:user repo user:email workflow)
2026-08-16 16:08:06.563 [error] User Cancelled
2026-08-16 16:09:11.495 [info] Getting sessions for read:user,repo,user:email,workflow...
2026-08-16 16:09:11.497 [info] Got 0 sessions for read:user,repo,user:email,workflow...
2026-08-16 16:09:13.978 [info] Logging in with 'any' account...
2026-08-16 16:09:13.978 [info] Logging in for the following scopes: read:user repo user:email workflow
2026-08-16 16:09:14.219 [info] Trying device code flow... (read:user repo user:email workflow)
2026-08-16 16:11:58.674 [error] Timed out
2026-08-16 16:20:32.176 [info] Trying to retrieve PAT... (read:user repo user:email workflow)
2026-08-16 16:21:00.399 [info] Getting token scopes...
2026-08-16 16:21:00.884 [info] Getting user info...
2026-08-16 16:21:01.390 [info] Got account info!
2026-08-16 16:21:01.391 [info] Storing 1 sessions...
2026-08-16 16:21:01.637 [info] Reading sessions from keychain...
2026-08-16 16:21:01.637 [info] Stored 1 sessions!
2026-08-16 16:21:01.637 [info] Login success!
2026-08-16 16:21:01.879 [info] Got stored sessions!
2026-08-16 16:21:01.879 [info] Got 1 verified sessions.
