2026-08-16 16:35:45.031 [info] [main] Log level: Info
2026-08-16 16:35:45.031 [info] [main] Validating found git in: "git"
2026-08-16 16:35:45.031 [info] [main] Using git "2.25.1" from "git"
2026-08-16 16:35:45.031 [info] [Model][doInitialScan] Initial repository scan started
2026-08-16 16:35:45.031 [info] > git rev-parse --show-toplevel [8ms]
2026-08-16 16:35:45.031 [info] > git rev-parse --git-dir --git-common-dir --show-superproject-working-tree [10ms]
2026-08-16 16:35:45.031 [info] [Model][openRepository] Opened repository (path): /voc/work
2026-08-16 16:35:45.031 [info] [Model][openRepository] Opened repository (real path): /voc/work
2026-08-16 16:35:45.031 [info] [Model][openRepository] Opened repository (kind): repository
2026-08-16 16:35:45.031 [info] > git config --get commit.template [9ms]
2026-08-16 16:35:45.031 [info] > git rev-parse --show-toplevel [9ms]
2026-08-16 16:35:45.031 [info] > git rev-parse --show-toplevel [9ms]
2026-08-16 16:35:45.031 [info] > git for-each-ref --format=%(refname)%00%(upstream:short)%00%(objectname)%00%(upstream:track)%00%(upstream:remotename)%00%(upstream:remoteref) refs/heads/master refs/remotes/master [24ms]
2026-08-16 16:35:45.031 [info] > git rev-parse --show-toplevel [10ms]
2026-08-16 16:35:45.031 [info] > git rev-parse --show-toplevel [9ms]
2026-08-16 16:35:45.031 [info] > git rev-parse --show-toplevel [9ms]
2026-08-16 16:35:45.031 [info] > git for-each-ref --sort -committerdate --format %(refname)%00%(objectname)%00%(*objectname) [21ms]
2026-08-16 16:35:45.031 [info] > git rev-parse --show-toplevel [8ms]
2026-08-16 16:35:45.031 [info] > git rev-parse --show-toplevel [8ms]
2026-08-16 16:35:45.031 [info] > git rev-parse --show-toplevel [8ms]
2026-08-16 16:35:45.031 [info] > git rev-parse --show-toplevel [8ms]
2026-08-16 16:35:45.031 [info] > git rev-parse --show-toplevel [7ms]
2026-08-16 16:35:45.034 [info] > git rev-parse --show-toplevel [8ms]
2026-08-16 16:35:45.034 [info] [Model][doInitialScan] Initial repository scan completed - repositories (1), closed repositories (0), parent repositories (0), unsafe repositories (0)
2026-08-16 16:35:45.034 [info] > git status -z -uall [136ms]
2026-08-16 16:35:45.034 [info] > git config --get commit.template [9ms]
2026-08-16 16:35:45.034 [info] > git for-each-ref --format=%(refname)%00%(upstream:short)%00%(objectname)%00%(upstream:track)%00%(upstream:remotename)%00%(upstream:remoteref) refs/heads/master refs/remotes/master [23ms]
2026-08-16 16:35:45.034 [info] > git config --get --local branch.master.vscode-merge-base [7ms]
2026-08-16 16:35:45.034 [warning] [Git][config] git config failed: Failed to execute git
2026-08-16 16:35:45.034 [info] > git for-each-ref --format=%(refname)%00%(upstream:short)%00%(objectname)%00%(upstream:track)%00%(upstream:remotename)%00%(upstream:remoteref) refs/heads/master refs/remotes/master [26ms]
2026-08-16 16:35:45.034 [info] > git for-each-ref --sort -committerdate --format %(refname)%00%(objectname)%00%(*objectname) [19ms]
2026-08-16 16:35:45.034 [info] > git reflog master --grep-reflog=branch: Created from *. [27ms]
2026-08-16 16:35:45.034 [info] > git symbolic-ref --short refs/remotes/origin/HEAD [11ms]
2026-08-16 16:35:45.034 [info] fatal: ref refs/remotes/origin/HEAD is not a symbolic ref
2026-08-16 16:35:45.034 [warning] [Repository][getDefaultBranch] Failed to get default branch details: Failed to execute git.
2026-08-16 16:35:45.034 [info] > git status -z -uall [700ms]
2026-08-16 16:35:45.504 [info] > git check-ignore -v -z --stdin [15ms]
2026-08-16 16:35:50.475 [info] > git config --get commit.template [8ms]
2026-08-16 16:35:50.495 [info] > git for-each-ref --format=%(refname)%00%(upstream:short)%00%(objectname)%00%(upstream:track)%00%(upstream:remotename)%00%(upstream:remoteref) refs/heads/master refs/remotes/master [25ms]
2026-08-16 16:35:50.522 [info] > git for-each-ref --sort -committerdate --format %(refname)%00%(objectname)%00%(*objectname) [21ms]
2026-08-16 16:35:50.668 [info] > git status -z -uall [170ms]
2026-08-16 16:35:59.511 [info] > git config --get commit.template [8ms]
2026-08-16 16:35:59.532 [info] > git for-each-ref --format=%(refname)%00%(upstream:short)%00%(objectname)%00%(upstream:track)%00%(upstream:remotename)%00%(upstream:remoteref) refs/heads/master refs/remotes/master [26ms]
2026-08-16 16:35:59.557 [info] > git for-each-ref --sort -committerdate --format %(refname)%00%(objectname)%00%(*objectname) [20ms]
2026-08-16 16:35:59.670 [info] > git status -z -uall [135ms]
2026-08-16 16:36:07.432 [info] > git config --get commit.template [8ms]
2026-08-16 16:36:07.450 [info] > git for-each-ref --format=%(refname)%00%(upstream:short)%00%(objectname)%00%(upstream:track)%00%(upstream:remotename)%00%(upstream:remoteref) refs/heads/master refs/remotes/master [23ms]
2026-08-16 16:36:07.472 [info] > git for-each-ref --sort -committerdate --format %(refname)%00%(objectname)%00%(*objectname) [18ms]
2026-08-16 16:36:07.583 [info] > git status -z -uall [131ms]
2026-08-16 16:36:13.426 [info] > git config --get commit.template [9ms]
2026-08-16 16:36:13.443 [info] > git for-each-ref --format=%(refname)%00%(upstream:short)%00%(objectname)%00%(upstream:track)%00%(upstream:remotename)%00%(upstream:remoteref) refs/heads/master refs/remotes/master [23ms]
2026-08-16 16:36:13.464 [info] > git for-each-ref --sort -committerdate --format %(refname)%00%(objectname)%00%(*objectname) [16ms]
2026-08-16 16:36:13.570 [info] > git status -z -uall [125ms]
2026-08-16 16:36:18.585 [info] > git config --get commit.template [9ms]
2026-08-16 16:36:18.602 [info] > git for-each-ref --format=%(refname)%00%(upstream:short)%00%(objectname)%00%(upstream:track)%00%(upstream:remotename)%00%(upstream:remoteref) refs/heads/master refs/remotes/master [22ms]
2026-08-16 16:36:18.623 [info] > git for-each-ref --sort -committerdate --format %(refname)%00%(objectname)%00%(*objectname) [16ms]
2026-08-16 16:36:18.732 [info] > git status -z -uall [128ms]
2026-08-16 16:36:23.746 [info] > git config --get commit.template [8ms]
2026-08-16 16:36:23.766 [info] > git for-each-ref --format=%(refname)%00%(upstream:short)%00%(objectname)%00%(upstream:track)%00%(upstream:remotename)%00%(upstream:remoteref) refs/heads/master refs/remotes/master [24ms]
2026-08-16 16:36:23.792 [info] > git for-each-ref --sort -committerdate --format %(refname)%00%(objectname)%00%(*objectname) [18ms]
2026-08-16 16:36:23.911 [info] > git status -z -uall [141ms]
2026-08-16 16:36:28.926 [info] > git config --get commit.template [10ms]
2026-08-16 16:36:28.944 [info] > git for-each-ref --format=%(refname)%00%(upstream:short)%00%(objectname)%00%(upstream:track)%00%(upstream:remotename)%00%(upstream:remoteref) refs/heads/master refs/remotes/master [24ms]
2026-08-16 16:36:28.965 [info] > git for-each-ref --sort -committerdate --format %(refname)%00%(objectname)%00%(*objectname) [17ms]
2026-08-16 16:36:29.079 [info] > git status -z -uall [133ms]
2026-08-16 16:36:34.094 [info] > git config --get commit.template [9ms]
2026-08-16 16:36:34.115 [info] > git for-each-ref --format=%(refname)%00%(upstream:short)%00%(objectname)%00%(upstream:track)%00%(upstream:remotename)%00%(upstream:remoteref) refs/heads/master refs/remotes/master [26ms]
2026-08-16 16:36:34.138 [info] > git for-each-ref --sort -committerdate --format %(refname)%00%(objectname)%00%(*objectname) [19ms]
2026-08-16 16:36:34.263 [info] > git status -z -uall [146ms]
2026-08-16 16:36:39.277 [info] > git config --get commit.template [8ms]
2026-08-16 16:36:39.295 [info] > git for-each-ref --format=%(refname)%00%(upstream:short)%00%(objectname)%00%(upstream:track)%00%(upstream:remotename)%00%(upstream:remoteref) refs/heads/master refs/remotes/master [23ms]
2026-08-16 16:36:39.317 [info] > git for-each-ref --sort -committerdate --format %(refname)%00%(objectname)%00%(*objectname) [17ms]
2026-08-16 16:36:39.427 [info] > git status -z -uall [128ms]
2026-08-16 16:36:56.816 [info] > git config --get commit.template [9ms]
2026-08-16 16:36:56.833 [info] > git for-each-ref --format=%(refname)%00%(upstream:short)%00%(objectname)%00%(upstream:track)%00%(upstream:remotename)%00%(upstream:remoteref) refs/heads/master refs/remotes/master [22ms]
2026-08-16 16:36:56.856 [info] > git for-each-ref --sort -committerdate --format %(refname)%00%(objectname)%00%(*objectname) [19ms]
2026-08-16 16:36:57.078 [info] > git status -z -uall [243ms]
2026-08-16 16:37:02.093 [info] > git config --get commit.template [9ms]
2026-08-16 16:37:02.112 [info] > git for-each-ref --format=%(refname)%00%(upstream:short)%00%(objectname)%00%(upstream:track)%00%(upstream:remotename)%00%(upstream:remoteref) refs/heads/master refs/remotes/master [24ms]
2026-08-16 16:37:02.134 [info] > git for-each-ref --sort -committerdate --format %(refname)%00%(objectname)%00%(*objectname) [18ms]
2026-08-16 16:37:02.274 [info] > git status -z -uall [160ms]
2026-08-16 16:37:07.288 [info] > git config --get commit.template [9ms]
2026-08-16 16:37:07.307 [info] > git for-each-ref --format=%(refname)%00%(upstream:short)%00%(objectname)%00%(upstream:track)%00%(upstream:remotename)%00%(upstream:remoteref) refs/heads/master refs/remotes/master [25ms]
2026-08-16 16:37:07.330 [info] > git for-each-ref --sort -committerdate --format %(refname)%00%(objectname)%00%(*objectname) [20ms]
2026-08-16 16:37:07.443 [info] > git status -z -uall [135ms]
2026-08-16 16:37:12.456 [info] > git config --get commit.template [8ms]
2026-08-16 16:37:12.474 [info] > git for-each-ref --format=%(refname)%00%(upstream:short)%00%(objectname)%00%(upstream:track)%00%(upstream:remotename)%00%(upstream:remoteref) refs/heads/master refs/remotes/master [23ms]
2026-08-16 16:37:12.495 [info] > git for-each-ref --sort -committerdate --format %(refname)%00%(objectname)%00%(*objectname) [17ms]
2026-08-16 16:37:12.606 [info] > git status -z -uall [130ms]
2026-08-16 16:37:17.620 [info] > git config --get commit.template [8ms]
2026-08-16 16:37:17.638 [info] > git for-each-ref --format=%(refname)%00%(upstream:short)%00%(objectname)%00%(upstream:track)%00%(upstream:remotename)%00%(upstream:remoteref) refs/heads/master refs/remotes/master [23ms]
2026-08-16 16:37:17.660 [info] > git for-each-ref --sort -committerdate --format %(refname)%00%(objectname)%00%(*objectname) [17ms]
2026-08-16 16:37:17.769 [info] > git status -z -uall [129ms]
2026-08-16 16:37:22.783 [info] > git config --get commit.template [9ms]
2026-08-16 16:37:22.800 [info] > git for-each-ref --format=%(refname)%00%(upstream:short)%00%(objectname)%00%(upstream:track)%00%(upstream:remotename)%00%(upstream:remoteref) refs/heads/master refs/remotes/master [23ms]
2026-08-16 16:37:22.821 [info] > git for-each-ref --sort -committerdate --format %(refname)%00%(objectname)%00%(*objectname) [17ms]
2026-08-16 16:37:22.929 [info] > git status -z -uall [127ms]
2026-08-16 16:37:27.942 [info] > git config --get commit.template [8ms]
2026-08-16 16:37:27.960 [info] > git for-each-ref --format=%(refname)%00%(upstream:short)%00%(objectname)%00%(upstream:track)%00%(upstream:remotename)%00%(upstream:remoteref) refs/heads/master refs/remotes/master [23ms]
2026-08-16 16:37:27.982 [info] > git for-each-ref --sort -committerdate --format %(refname)%00%(objectname)%00%(*objectname) [17ms]
2026-08-16 16:37:28.099 [info] > git status -z -uall [137ms]
2026-08-16 16:37:33.113 [info] > git config --get commit.template [8ms]
2026-08-16 16:37:33.131 [info] > git for-each-ref --format=%(refname)%00%(upstream:short)%00%(objectname)%00%(upstream:track)%00%(upstream:remotename)%00%(upstream:remoteref) refs/heads/master refs/remotes/master [23ms]
2026-08-16 16:37:33.153 [info] > git for-each-ref --sort -committerdate --format %(refname)%00%(objectname)%00%(*objectname) [18ms]
2026-08-16 16:37:33.261 [info] > git status -z -uall [128ms]
2026-08-16 16:37:38.274 [info] > git config --get commit.template [8ms]
2026-08-16 16:37:38.293 [info] > git for-each-ref --format=%(refname)%00%(upstream:short)%00%(objectname)%00%(upstream:track)%00%(upstream:remotename)%00%(upstream:remoteref) refs/heads/master refs/remotes/master [23ms]
2026-08-16 16:37:38.314 [info] > git for-each-ref --sort -committerdate --format %(refname)%00%(objectname)%00%(*objectname) [17ms]
2026-08-16 16:37:38.424 [info] > git status -z -uall [129ms]
2026-08-16 16:37:43.437 [info] > git config --get commit.template [8ms]
2026-08-16 16:37:43.456 [info] > git for-each-ref --format=%(refname)%00%(upstream:short)%00%(objectname)%00%(upstream:track)%00%(upstream:remotename)%00%(upstream:remoteref) refs/heads/master refs/remotes/master [23ms]
2026-08-16 16:37:43.479 [info] > git for-each-ref --sort -committerdate --format %(refname)%00%(objectname)%00%(*objectname) [16ms]
2026-08-16 16:37:43.588 [info] > git status -z -uall [130ms]
2026-08-16 16:37:48.603 [info] > git config --get commit.template [9ms]
2026-08-16 16:37:48.623 [info] > git for-each-ref --format=%(refname)%00%(upstream:short)%00%(objectname)%00%(upstream:track)%00%(upstream:remotename)%00%(upstream:remoteref) refs/heads/master refs/remotes/master [26ms]
2026-08-16 16:37:48.647 [info] > git for-each-ref --sort -committerdate --format %(refname)%00%(objectname)%00%(*objectname) [19ms]
2026-08-16 16:37:48.771 [info] > git status -z -uall [145ms]
2026-08-16 16:37:53.785 [info] > git config --get commit.template [8ms]
2026-08-16 16:37:53.804 [info] > git for-each-ref --format=%(refname)%00%(upstream:short)%00%(objectname)%00%(upstream:track)%00%(upstream:remotename)%00%(upstream:remoteref) refs/heads/master refs/remotes/master [24ms]
2026-08-16 16:37:53.829 [info] > git for-each-ref --sort -committerdate --format %(refname)%00%(objectname)%00%(*objectname) [20ms]
2026-08-16 16:37:53.945 [info] > git status -z -uall [139ms]
2026-08-16 16:37:58.958 [info] > git config --get commit.template [8ms]
2026-08-16 16:37:58.977 [info] > git for-each-ref --format=%(refname)%00%(upstream:short)%00%(objectname)%00%(upstream:track)%00%(upstream:remotename)%00%(upstream:remoteref) refs/heads/master refs/remotes/master [24ms]
2026-08-16 16:37:59.000 [info] > git for-each-ref --sort -committerdate --format %(refname)%00%(objectname)%00%(*objectname) [19ms]
2026-08-16 16:37:59.216 [info] > git status -z -uall [237ms]
2026-08-16 16:38:04.230 [info] > git config --get commit.template [8ms]
2026-08-16 16:38:04.248 [info] > git for-each-ref --format=%(refname)%00%(upstream:short)%00%(objectname)%00%(upstream:track)%00%(upstream:remotename)%00%(upstream:remoteref) refs/heads/master refs/remotes/master [23ms]
2026-08-16 16:38:04.270 [info] > git for-each-ref --sort -committerdate --format %(refname)%00%(objectname)%00%(*objectname) [18ms]
2026-08-16 16:38:04.378 [info] > git status -z -uall [128ms]
2026-08-16 16:38:09.392 [info] > git config --get commit.template [9ms]
2026-08-16 16:38:09.410 [info] > git for-each-ref --format=%(refname)%00%(upstream:short)%00%(objectname)%00%(upstream:track)%00%(upstream:remotename)%00%(upstream:remoteref) refs/heads/master refs/remotes/master [23ms]
2026-08-16 16:38:09.433 [info] > git for-each-ref --sort -committerdate --format %(refname)%00%(objectname)%00%(*objectname) [18ms]
2026-08-16 16:38:09.541 [info] > git status -z -uall [129ms]
2026-08-16 16:38:14.556 [info] > git config --get commit.template [8ms]
2026-08-16 16:38:14.574 [info] > git for-each-ref --format=%(refname)%00%(upstream:short)%00%(objectname)%00%(upstream:track)%00%(upstream:remotename)%00%(upstream:remoteref) refs/heads/master refs/remotes/master [23ms]
2026-08-16 16:38:14.596 [info] > git for-each-ref --sort -committerdate --format %(refname)%00%(objectname)%00%(*objectname) [18ms]
2026-08-16 16:38:14.707 [info] > git status -z -uall [131ms]
2026-08-16 16:38:19.721 [info] > git config --get commit.template [9ms]
2026-08-16 16:38:19.739 [info] > git for-each-ref --format=%(refname)%00%(upstream:short)%00%(objectname)%00%(upstream:track)%00%(upstream:remotename)%00%(upstream:remoteref) refs/heads/master refs/remotes/master [24ms]
2026-08-16 16:38:19.762 [info] > git for-each-ref --sort -committerdate --format %(refname)%00%(objectname)%00%(*objectname) [17ms]
2026-08-16 16:38:19.876 [info] > git status -z -uall [134ms]
2026-08-16 16:38:24.890 [info] > git config --get commit.template [9ms]
2026-08-16 16:38:24.910 [info] > git for-each-ref --format=%(refname)%00%(upstream:short)%00%(objectname)%00%(upstream:track)%00%(upstream:remotename)%00%(upstream:remoteref) refs/heads/master refs/remotes/master [25ms]
2026-08-16 16:38:24.939 [info] > git for-each-ref --sort -committerdate --format %(refname)%00%(objectname)%00%(*objectname) [24ms]
2026-08-16 16:38:25.043 [info] > git status -z -uall [130ms]
2026-08-16 16:38:30.056 [info] > git config --get commit.template [9ms]
2026-08-16 16:38:30.077 [info] > git for-each-ref --format=%(refname)%00%(upstream:short)%00%(objectname)%00%(upstream:track)%00%(upstream:remotename)%00%(upstream:remoteref) refs/heads/master refs/remotes/master [27ms]
2026-08-16 16:38:30.104 [info] > git for-each-ref --sort -committerdate --format %(refname)%00%(objectname)%00%(*objectname) [23ms]
2026-08-16 16:38:30.217 [info] > git status -z -uall [138ms]
2026-08-16 16:38:35.233 [info] > git config --get commit.template [9ms]
2026-08-16 16:38:35.253 [info] > git for-each-ref --format=%(refname)%00%(upstream:short)%00%(objectname)%00%(upstream:track)%00%(upstream:remotename)%00%(upstream:remoteref) refs/heads/master refs/remotes/master [26ms]
2026-08-16 16:38:35.281 [info] > git for-each-ref --sort -committerdate --format %(refname)%00%(objectname)%00%(*objectname) [22ms]
2026-08-16 16:38:35.385 [info] > git status -z -uall [129ms]
2026-08-16 16:38:40.400 [info] > git config --get commit.template [9ms]
2026-08-16 16:38:40.418 [info] > git for-each-ref --format=%(refname)%00%(upstream:short)%00%(objectname)%00%(upstream:track)%00%(upstream:remotename)%00%(upstream:remoteref) refs/heads/master refs/remotes/master [24ms]
2026-08-16 16:38:40.444 [info] > git for-each-ref --sort -committerdate --format %(refname)%00%(objectname)%00%(*objectname) [21ms]
2026-08-16 16:38:40.547 [info] > git status -z -uall [127ms]
2026-08-16 16:38:45.560 [info] > git config --get commit.template [9ms]
2026-08-16 16:38:45.580 [info] > git for-each-ref --format=%(refname)%00%(upstream:short)%00%(objectname)%00%(upstream:track)%00%(upstream:remotename)%00%(upstream:remoteref) refs/heads/master refs/remotes/master [26ms]
2026-08-16 16:38:45.610 [info] > git for-each-ref --sort -committerdate --format %(refname)%00%(objectname)%00%(*objectname) [24ms]
2026-08-16 16:38:45.719 [info] > git status -z -uall [136ms]
2026-08-16 16:38:50.734 [info] > git config --get commit.template [9ms]
2026-08-16 16:38:50.753 [info] > git for-each-ref --format=%(refname)%00%(upstream:short)%00%(objectname)%00%(upstream:track)%00%(upstream:remotename)%00%(upstream:remoteref) refs/heads/master refs/remotes/master [25ms]
2026-08-16 16:38:50.786 [info] > git for-each-ref --sort -committerdate --format %(refname)%00%(objectname)%00%(*objectname) [28ms]
2026-08-16 16:38:50.898 [info] > git status -z -uall [142ms]
2026-08-16 16:38:55.911 [info] > git config --get commit.template [8ms]
2026-08-16 16:38:55.934 [info] > git for-each-ref --format=%(refname)%00%(upstream:short)%00%(objectname)%00%(upstream:track)%00%(upstream:remotename)%00%(upstream:remoteref) refs/heads/master refs/remotes/master [27ms]
2026-08-16 16:38:55.966 [info] > git for-each-ref --sort -committerdate --format %(refname)%00%(objectname)%00%(*objectname) [27ms]
2026-08-16 16:38:56.079 [info] > git status -z -uall [143ms]
2026-08-16 16:39:42.360 [info] > git config --get commit.template [9ms]
2026-08-16 16:39:42.384 [info] > git for-each-ref --format=%(refname)%00%(upstream:short)%00%(objectname)%00%(upstream:track)%00%(upstream:remotename)%00%(upstream:remoteref) refs/heads/master refs/remotes/master [30ms]
2026-08-16 16:39:42.418 [info] > git for-each-ref --sort -committerdate --format %(refname)%00%(objectname)%00%(*objectname) [29ms]
2026-08-16 16:39:42.652 [info] > git status -z -uall [265ms]
2026-08-16 16:39:47.666 [info] > git config --get commit.template [9ms]
2026-08-16 16:39:47.685 [info] > git for-each-ref --format=%(refname)%00%(upstream:short)%00%(objectname)%00%(upstream:track)%00%(upstream:remotename)%00%(upstream:remoteref) refs/heads/master refs/remotes/master [24ms]
2026-08-16 16:39:47.713 [info] > git for-each-ref --sort -committerdate --format %(refname)%00%(objectname)%00%(*objectname) [24ms]
2026-08-16 16:39:47.822 [info] > git status -z -uall [135ms]
2026-08-16 16:40:27.152 [info] > git config --get commit.template [9ms]
2026-08-16 16:40:27.171 [info] > git for-each-ref --format=%(refname)%00%(upstream:short)%00%(objectname)%00%(upstream:track)%00%(upstream:remotename)%00%(upstream:remoteref) refs/heads/master refs/remotes/master [23ms]
2026-08-16 16:40:27.198 [info] > git for-each-ref --sort -committerdate --format %(refname)%00%(objectname)%00%(*objectname) [24ms]
2026-08-16 16:40:27.303 [info] > git status -z -uall [131ms]
2026-08-16 16:40:32.318 [info] > git config --get commit.template [9ms]
2026-08-16 16:40:32.336 [info] > git for-each-ref --format=%(refname)%00%(upstream:short)%00%(objectname)%00%(upstream:track)%00%(upstream:remotename)%00%(upstream:remoteref) refs/heads/master refs/remotes/master [24ms]
2026-08-16 16:40:32.363 [info] > git for-each-ref --sort -committerdate --format %(refname)%00%(objectname)%00%(*objectname) [23ms]
2026-08-16 16:40:32.467 [info] > git status -z -uall [129ms]
2026-08-16 16:40:37.483 [info] > git config --get commit.template [10ms]
2026-08-16 16:40:37.500 [info] > git for-each-ref --format=%(refname)%00%(upstream:short)%00%(objectname)%00%(upstream:track)%00%(upstream:remotename)%00%(upstream:remoteref) refs/heads/master refs/remotes/master [25ms]
2026-08-16 16:40:37.528 [info] > git for-each-ref --sort -committerdate --format %(refname)%00%(objectname)%00%(*objectname) [24ms]
2026-08-16 16:40:37.636 [info] > git status -z -uall [135ms]
2026-08-16 16:40:42.651 [info] > git config --get commit.template [9ms]
2026-08-16 16:40:42.670 [info] > git for-each-ref --format=%(refname)%00%(upstream:short)%00%(objectname)%00%(upstream:track)%00%(upstream:remotename)%00%(upstream:remoteref) refs/heads/master refs/remotes/master [24ms]
2026-08-16 16:40:42.702 [info] > git for-each-ref --sort -committerdate --format %(refname)%00%(objectname)%00%(*objectname) [27ms]
2026-08-16 16:40:42.924 [info] > git status -z -uall [251ms]
2026-08-16 16:40:47.938 [info] > git config --get commit.template [9ms]
2026-08-16 16:40:47.956 [info] > git for-each-ref --format=%(refname)%00%(upstream:short)%00%(objectname)%00%(upstream:track)%00%(upstream:remotename)%00%(upstream:remoteref) refs/heads/master refs/remotes/master [24ms]
2026-08-16 16:40:47.984 [info] > git for-each-ref --sort -committerdate --format %(refname)%00%(objectname)%00%(*objectname) [23ms]
2026-08-16 16:40:48.091 [info] > git status -z -uall [133ms]
2026-08-16 16:40:53.105 [info] > git config --get commit.template [9ms]
2026-08-16 16:40:53.124 [info] > git for-each-ref --format=%(refname)%00%(upstream:short)%00%(objectname)%00%(upstream:track)%00%(upstream:remotename)%00%(upstream:remoteref) refs/heads/master refs/remotes/master [25ms]
2026-08-16 16:40:53.153 [info] > git for-each-ref --sort -committerdate --format %(refname)%00%(objectname)%00%(*objectname) [23ms]
2026-08-16 16:40:53.260 [info] > git status -z -uall [133ms]
2026-08-16 16:40:58.275 [info] > git config --get commit.template [9ms]
2026-08-16 16:40:58.293 [info] > git for-each-ref --format=%(refname)%00%(upstream:short)%00%(objectname)%00%(upstream:track)%00%(upstream:remotename)%00%(upstream:remoteref) refs/heads/master refs/remotes/master [24ms]
2026-08-16 16:40:58.319 [info] > git for-each-ref --sort -committerdate --format %(refname)%00%(objectname)%00%(*objectname) [22ms]
2026-08-16 16:40:58.428 [info] > git status -z -uall [133ms]
2026-08-16 16:41:03.443 [info] > git config --get commit.template [8ms]
2026-08-16 16:41:03.462 [info] > git for-each-ref --format=%(refname)%00%(upstream:short)%00%(objectname)%00%(upstream:track)%00%(upstream:remotename)%00%(upstream:remoteref) refs/heads/master refs/remotes/master [25ms]
2026-08-16 16:41:03.489 [info] > git for-each-ref --sort -committerdate --format %(refname)%00%(objectname)%00%(*objectname) [23ms]
2026-08-16 16:41:03.598 [info] > git status -z -uall [134ms]
2026-08-16 16:41:08.614 [info] > git config --get commit.template [8ms]
2026-08-16 16:41:08.635 [info] > git for-each-ref --format=%(refname)%00%(upstream:short)%00%(objectname)%00%(upstream:track)%00%(upstream:remotename)%00%(upstream:remoteref) refs/heads/master refs/remotes/master [26ms]
2026-08-16 16:41:08.664 [info] > git for-each-ref --sort -committerdate --format %(refname)%00%(objectname)%00%(*objectname) [23ms]
2026-08-16 16:41:08.771 [info] > git status -z -uall [133ms]
2026-08-16 16:41:13.787 [info] > git config --get commit.template [10ms]
2026-08-16 16:41:13.806 [info] > git for-each-ref --format=%(refname)%00%(upstream:short)%00%(objectname)%00%(upstream:track)%00%(upstream:remotename)%00%(upstream:remoteref) refs/heads/master refs/remotes/master [25ms]
2026-08-16 16:41:13.836 [info] > git for-each-ref --sort -committerdate --format %(refname)%00%(objectname)%00%(*objectname) [25ms]
2026-08-16 16:41:13.948 [info] > git status -z -uall [140ms]
2026-08-16 16:41:18.963 [info] > git config --get commit.template [10ms]
2026-08-16 16:41:18.983 [info] > git for-each-ref --format=%(refname)%00%(upstream:short)%00%(objectname)%00%(upstream:track)%00%(upstream:remotename)%00%(upstream:remoteref) refs/heads/master refs/remotes/master [26ms]
2026-08-16 16:41:19.015 [info] > git for-each-ref --sort -committerdate --format %(refname)%00%(objectname)%00%(*objectname) [28ms]
2026-08-16 16:41:19.122 [info] > git status -z -uall [137ms]
2026-08-16 16:41:32.759 [info] > git config --get commit.template [10ms]
2026-08-16 16:41:32.777 [info] > git for-each-ref --format=%(refname)%00%(upstream:short)%00%(objectname)%00%(upstream:track)%00%(upstream:remotename)%00%(upstream:remoteref) refs/heads/master refs/remotes/master [25ms]
2026-08-16 16:41:32.807 [info] > git for-each-ref --sort -committerdate --format %(refname)%00%(objectname)%00%(*objectname) [26ms]
2026-08-16 16:41:32.918 [info] > git status -z -uall [139ms]
2026-08-16 16:41:50.739 [info] > git config --get commit.template [8ms]
2026-08-16 16:41:50.758 [info] > git for-each-ref --format=%(refname)%00%(upstream:short)%00%(objectname)%00%(upstream:track)%00%(upstream:remotename)%00%(upstream:remoteref) refs/heads/master refs/remotes/master [24ms]
2026-08-16 16:41:50.787 [info] > git for-each-ref --sort -committerdate --format %(refname)%00%(objectname)%00%(*objectname) [25ms]
2026-08-16 16:41:51.002 [info] > git status -z -uall [242ms]
2026-08-16 16:41:56.016 [info] > git config --get commit.template [8ms]
2026-08-16 16:41:56.032 [info] > git for-each-ref --format=%(refname)%00%(upstream:short)%00%(objectname)%00%(upstream:track)%00%(upstream:remotename)%00%(upstream:remoteref) refs/heads/master refs/remotes/master [21ms]
2026-08-16 16:41:56.058 [info] > git for-each-ref --sort -committerdate --format %(refname)%00%(objectname)%00%(*objectname) [22ms]
2026-08-16 16:41:56.163 [info] > git status -z -uall [129ms]
2026-08-16 16:42:01.178 [info] > git config --get commit.template [9ms]
2026-08-16 16:42:01.195 [info] > git for-each-ref --format=%(refname)%00%(upstream:short)%00%(objectname)%00%(upstream:track)%00%(upstream:remotename)%00%(upstream:remoteref) refs/heads/master refs/remotes/master [23ms]
2026-08-16 16:42:01.220 [info] > git for-each-ref --sort -committerdate --format %(refname)%00%(objectname)%00%(*objectname) [19ms]
2026-08-16 16:42:01.318 [info] > git status -z -uall [120ms]
2026-08-16 16:42:06.331 [info] > git config --get commit.template [7ms]
2026-08-16 16:42:06.346 [info] > git for-each-ref --format=%(refname)%00%(upstream:short)%00%(objectname)%00%(upstream:track)%00%(upstream:remotename)%00%(upstream:remoteref) refs/heads/master refs/remotes/master [19ms]
2026-08-16 16:42:06.370 [info] > git for-each-ref --sort -committerdate --format %(refname)%00%(objectname)%00%(*objectname) [20ms]
2026-08-16 16:42:06.469 [info] > git status -z -uall [121ms]
2026-08-16 16:42:11.481 [info] > git config --get commit.template [8ms]
2026-08-16 16:42:11.496 [info] > git for-each-ref --format=%(refname)%00%(upstream:short)%00%(objectname)%00%(upstream:track)%00%(upstream:remotename)%00%(upstream:remoteref) refs/heads/master refs/remotes/master [20ms]
2026-08-16 16:42:11.521 [info] > git for-each-ref --sort -committerdate --format %(refname)%00%(objectname)%00%(*objectname) [21ms]
2026-08-16 16:42:11.619 [info] > git status -z -uall [120ms]
2026-08-16 16:42:16.631 [info] > git config --get commit.template [7ms]
2026-08-16 16:42:16.647 [info] > git for-each-ref --format=%(refname)%00%(upstream:short)%00%(objectname)%00%(upstream:track)%00%(upstream:remotename)%00%(upstream:remoteref) refs/heads/master refs/remotes/master [20ms]
2026-08-16 16:42:16.673 [info] > git for-each-ref --sort -committerdate --format %(refname)%00%(objectname)%00%(*objectname) [22ms]
2026-08-16 16:42:16.771 [info] > git status -z -uall [122ms]
2026-08-16 16:42:21.785 [info] > git config --get commit.template [8ms]
2026-08-16 16:42:21.800 [info] > git for-each-ref --format=%(refname)%00%(upstream:short)%00%(objectname)%00%(upstream:track)%00%(upstream:remotename)%00%(upstream:remoteref) refs/heads/master refs/remotes/master [20ms]
2026-08-16 16:42:21.823 [info] > git for-each-ref --sort -committerdate --format %(refname)%00%(objectname)%00%(*objectname) [19ms]
2026-08-16 16:42:21.921 [info] > git status -z -uall [119ms]
2026-08-16 16:42:26.933 [info] > git config --get commit.template [7ms]
2026-08-16 16:42:26.950 [info] > git for-each-ref --format=%(refname)%00%(upstream:short)%00%(objectname)%00%(upstream:track)%00%(upstream:remotename)%00%(upstream:remoteref) refs/heads/master refs/remotes/master [20ms]
2026-08-16 16:42:26.977 [info] > git for-each-ref --sort -committerdate --format %(refname)%00%(objectname)%00%(*objectname) [23ms]
2026-08-16 16:42:27.072 [info] > git status -z -uall [120ms]
2026-08-16 16:42:32.085 [info] > git config --get commit.template [9ms]
2026-08-16 16:42:32.100 [info] > git for-each-ref --format=%(refname)%00%(upstream:short)%00%(objectname)%00%(upstream:track)%00%(upstream:remotename)%00%(upstream:remoteref) refs/heads/master refs/remotes/master [21ms]
2026-08-16 16:42:32.124 [info] > git for-each-ref --sort -committerdate --format %(refname)%00%(objectname)%00%(*objectname) [20ms]
2026-08-16 16:42:32.220 [info] > git status -z -uall [118ms]
2026-08-16 16:42:37.235 [info] > git config --get commit.template [9ms]
2026-08-16 16:42:37.250 [info] > git for-each-ref --format=%(refname)%00%(upstream:short)%00%(objectname)%00%(upstream:track)%00%(upstream:remotename)%00%(upstream:remoteref) refs/heads/master refs/remotes/master [21ms]
2026-08-16 16:42:37.276 [info] > git for-each-ref --sort -committerdate --format %(refname)%00%(objectname)%00%(*objectname) [22ms]
2026-08-16 16:42:37.375 [info] > git status -z -uall [123ms]
2026-08-16 16:42:40.053 [info] > git check-ignore -v -z --stdin [13ms]
2026-08-16 16:42:42.403 [info] > git for-each-ref --format=%(refname)%00%(upstream:short)%00%(objectname)%00%(upstream:track)%00%(upstream:remotename)%00%(upstream:remoteref) refs/heads/master refs/remotes/master [22ms]
2026-08-16 16:42:42.426 [info] > git for-each-ref --sort -committerdate --format %(refname)%00%(objectname)%00%(*objectname) [19ms]
2026-08-16 16:42:42.522 [info] > git status -z -uall [117ms]
2026-08-16 16:42:47.551 [info] > git for-each-ref --format=%(refname)%00%(upstream:short)%00%(objectname)%00%(upstream:track)%00%(upstream:remotename)%00%(upstream:remoteref) refs/heads/master refs/remotes/master [22ms]
2026-08-16 16:42:47.578 [info] > git for-each-ref --sort -committerdate --format %(refname)%00%(objectname)%00%(*objectname) [22ms]
2026-08-16 16:42:47.679 [info] > git status -z -uall [125ms]
2026-08-16 16:42:52.706 [info] > git for-each-ref --format=%(refname)%00%(upstream:short)%00%(objectname)%00%(upstream:track)%00%(upstream:remotename)%00%(upstream:remoteref) refs/heads/master refs/remotes/master [21ms]
2026-08-16 16:42:52.732 [info] > git for-each-ref --sort -committerdate --format %(refname)%00%(objectname)%00%(*objectname) [22ms]
2026-08-16 16:42:52.933 [info] > git status -z -uall [225ms]
2026-08-16 16:42:57.959 [info] > git for-each-ref --format=%(refname)%00%(upstream:short)%00%(objectname)%00%(upstream:track)%00%(upstream:remotename)%00%(upstream:remoteref) refs/heads/master refs/remotes/master [20ms]
2026-08-16 16:42:57.983 [info] > git for-each-ref --sort -committerdate --format %(refname)%00%(objectname)%00%(*objectname) [20ms]
2026-08-16 16:42:58.078 [info] > git status -z -uall [117ms]
2026-08-16 16:43:03.104 [info] > git for-each-ref --format=%(refname)%00%(upstream:short)%00%(objectname)%00%(upstream:track)%00%(upstream:remotename)%00%(upstream:remoteref) refs/heads/master refs/remotes/master [21ms]
2026-08-16 16:43:03.132 [info] > git for-each-ref --sort -committerdate --format %(refname)%00%(objectname)%00%(*objectname) [24ms]
2026-08-16 16:43:03.238 [info] > git status -z -uall [132ms]
2026-08-16 16:43:08.265 [info] > git for-each-ref --format=%(refname)%00%(upstream:short)%00%(objectname)%00%(upstream:track)%00%(upstream:remotename)%00%(upstream:remoteref) refs/heads/master refs/remotes/master [20ms]
2026-08-16 16:43:08.290 [info] > git for-each-ref --sort -committerdate --format %(refname)%00%(objectname)%00%(*objectname) [20ms]
2026-08-16 16:43:08.387 [info] > git status -z -uall [118ms]
2026-08-16 16:43:13.415 [info] > git for-each-ref --format=%(refname)%00%(upstream:short)%00%(objectname)%00%(upstream:track)%00%(upstream:remotename)%00%(upstream:remoteref) refs/heads/master refs/remotes/master [23ms]
2026-08-16 16:43:13.440 [info] > git for-each-ref --sort -committerdate --format %(refname)%00%(objectname)%00%(*objectname) [21ms]
2026-08-16 16:43:13.549 [info] > git status -z -uall [132ms]
2026-08-16 16:43:18.575 [info] > git for-each-ref --format=%(refname)%00%(upstream:short)%00%(objectname)%00%(upstream:track)%00%(upstream:remotename)%00%(upstream:remoteref) refs/heads/master refs/remotes/master [20ms]
2026-08-16 16:43:18.599 [info] > git for-each-ref --sort -committerdate --format %(refname)%00%(objectname)%00%(*objectname) [20ms]
2026-08-16 16:43:18.701 [info] > git status -z -uall [124ms]
2026-08-16 16:43:23.730 [info] > git for-each-ref --format=%(refname)%00%(upstream:short)%00%(objectname)%00%(upstream:track)%00%(upstream:remotename)%00%(upstream:remoteref) refs/heads/master refs/remotes/master [22ms]
2026-08-16 16:43:23.755 [info] > git for-each-ref --sort -committerdate --format %(refname)%00%(objectname)%00%(*objectname) [21ms]
2026-08-16 16:43:23.853 [info] > git status -z -uall [121ms]
2026-08-16 16:43:28.881 [info] > git for-each-ref --format=%(refname)%00%(upstream:short)%00%(objectname)%00%(upstream:track)%00%(upstream:remotename)%00%(upstream:remoteref) refs/heads/master refs/remotes/master [22ms]
2026-08-16 16:43:28.907 [info] > git for-each-ref --sort -committerdate --format %(refname)%00%(objectname)%00%(*objectname) [22ms]
2026-08-16 16:43:29.012 [info] > git status -z -uall [129ms]
2026-08-16 16:43:34.040 [info] > git for-each-ref --format=%(refname)%00%(upstream:short)%00%(objectname)%00%(upstream:track)%00%(upstream:remotename)%00%(upstream:remoteref) refs/heads/master refs/remotes/master [22ms]
2026-08-16 16:43:34.068 [info] > git for-each-ref --sort -committerdate --format %(refname)%00%(objectname)%00%(*objectname) [22ms]
2026-08-16 16:43:34.199 [info] > git status -z -uall [156ms]
2026-08-16 16:43:39.227 [info] > git for-each-ref --format=%(refname)%00%(upstream:short)%00%(objectname)%00%(upstream:track)%00%(upstream:remotename)%00%(upstream:remoteref) refs/heads/master refs/remotes/master [21ms]
2026-08-16 16:43:39.254 [info] > git for-each-ref --sort -committerdate --format %(refname)%00%(objectname)%00%(*objectname) [22ms]
2026-08-16 16:43:39.370 [info] > git status -z -uall [141ms]
2026-08-16 16:43:44.400 [info] > git for-each-ref --format=%(refname)%00%(upstream:short)%00%(objectname)%00%(upstream:track)%00%(upstream:remotename)%00%(upstream:remoteref) refs/heads/master refs/remotes/master [22ms]
2026-08-16 16:43:44.428 [info] > git for-each-ref --sort -committerdate --format %(refname)%00%(objectname)%00%(*objectname) [23ms]
2026-08-16 16:43:44.528 [info] > git status -z -uall [125ms]
2026-08-16 16:43:49.555 [info] > git for-each-ref --format=%(refname)%00%(upstream:short)%00%(objectname)%00%(upstream:track)%00%(upstream:remotename)%00%(upstream:remoteref) refs/heads/master refs/remotes/master [20ms]
2026-08-16 16:43:49.581 [info] > git for-each-ref --sort -committerdate --format %(refname)%00%(objectname)%00%(*objectname) [20ms]
2026-08-16 16:43:49.678 [info] > git status -z -uall [119ms]
2026-08-16 16:43:54.706 [info] > git for-each-ref --format=%(refname)%00%(upstream:short)%00%(objectname)%00%(upstream:track)%00%(upstream:remotename)%00%(upstream:remoteref) refs/heads/master refs/remotes/master [21ms]
2026-08-16 16:43:54.734 [info] > git for-each-ref --sort -committerdate --format %(refname)%00%(objectname)%00%(*objectname) [23ms]
2026-08-16 16:43:54.959 [info] > git status -z -uall [250ms]
2026-08-16 16:43:59.989 [info] > git for-each-ref --format=%(refname)%00%(upstream:short)%00%(objectname)%00%(upstream:track)%00%(upstream:remotename)%00%(upstream:remoteref) refs/heads/master refs/remotes/master [22ms]
2026-08-16 16:44:00.015 [info] > git for-each-ref --sort -committerdate --format %(refname)%00%(objectname)%00%(*objectname) [20ms]
2026-08-16 16:44:00.112 [info] > git status -z -uall [121ms]
2026-08-16 16:44:05.139 [info] > git for-each-ref --format=%(refname)%00%(upstream:short)%00%(objectname)%00%(upstream:track)%00%(upstream:remotename)%00%(upstream:remoteref) refs/heads/master refs/remotes/master [20ms]
2026-08-16 16:44:05.166 [info] > git for-each-ref --sort -committerdate --format %(refname)%00%(objectname)%00%(*objectname) [22ms]
2026-08-16 16:44:05.268 [info] > git status -z -uall [126ms]
2026-08-16 16:44:08.865 [info] > git for-each-ref --format=%(refname)%00%(upstream:short)%00%(objectname)%00%(upstream:track)%00%(upstream:remotename)%00%(upstream:remoteref) refs/heads/master refs/remotes/master [21ms]
2026-08-16 16:44:08.895 [info] > git for-each-ref --sort -committerdate --format %(refname)%00%(objectname)%00%(*objectname) [24ms]
2026-08-16 16:44:08.996 [info] > git status -z -uall [127ms]
2026-08-16 16:44:10.294 [info] > git for-each-ref --format=%(refname)%00%(upstream:short)%00%(objectname)%00%(upstream:track)%00%(upstream:remotename)%00%(upstream:remoteref) refs/heads/master refs/remotes/master [20ms]
2026-08-16 16:44:10.318 [info] > git for-each-ref --sort -committerdate --format %(refname)%00%(objectname)%00%(*objectname) [20ms]
2026-08-16 16:44:10.411 [info] > git status -z -uall [115ms]
2026-08-16 16:44:15.440 [info] > git for-each-ref --format=%(refname)%00%(upstream:short)%00%(objectname)%00%(upstream:track)%00%(upstream:remotename)%00%(upstream:remoteref) refs/heads/master refs/remotes/master [21ms]
2026-08-16 16:44:15.465 [info] > git for-each-ref --sort -committerdate --format %(refname)%00%(objectname)%00%(*objectname) [20ms]
2026-08-16 16:44:15.561 [info] > git status -z -uall [118ms]
2026-08-16 16:44:20.589 [info] > git for-each-ref --format=%(refname)%00%(upstream:short)%00%(objectname)%00%(upstream:track)%00%(upstream:remotename)%00%(upstream:remoteref) refs/heads/master refs/remotes/master [21ms]
2026-08-16 16:44:20.617 [info] > git for-each-ref --sort -committerdate --format %(refname)%00%(objectname)%00%(*objectname) [21ms]
2026-08-16 16:44:20.716 [info] > git status -z -uall [123ms]
