2026-08-15 15:03:13.935 [info] Telemetry level is off
2026-08-15 15:03:13.935 [info] Experiments are disabled, only manually opted experiments are active.
2026-08-15 15:03:13.935 [warning] Dir "/voc/work/.pixi/envs" is not watchable (directory does not exist)
2026-08-15 15:03:13.935 [info] Starting Environment refresh
2026-08-15 15:03:13.938 [info] Searching for interpreters in posix paths locator
2026-08-15 15:03:13.938 [info] Searching for pyenv environments
2026-08-15 15:03:13.938 [info] Searching for conda environments
2026-08-15 15:03:13.938 [info] Searching for global virtual environments
2026-08-15 15:03:13.938 [info] Searching for custom virtual environments
2026-08-15 15:03:13.938 [info] Skipping ActivatedEnv Detection:  process.env.VSCODE_CLI !== '1'
2026-08-15 15:03:13.938 [info] Skipping ActivatedEnv Detection:  process.env.VSCODE_CLI !== '1'
2026-08-15 15:03:13.938 [info] pyenv is not installed
2026-08-15 15:03:13.938 [info] Finished searching for pyenv environments: 36 milliseconds
2026-08-15 15:03:13.938 [info] Finished searching for custom virtual envs: 36 milliseconds
2026-08-15 15:03:13.938 [info] > conda info --json
2026-08-15 15:03:13.938 [info] > hatch env show --json
2026-08-15 15:03:13.938 [info] cwd: .
2026-08-15 15:03:13.938 [info] > pyenv which python
2026-08-15 15:03:13.938 [info] cwd: .
2026-08-15 15:03:13.938 [info] Finished searching for global virtual envs: 48 milliseconds
2026-08-15 15:03:13.938 [info] Found: /bin/python --> /bin/python3.10
2026-08-15 15:03:13.938 [info] Found: /bin/python3 --> /bin/python3.10
2026-08-15 15:03:13.938 [info] Found: /bin/python3.10 --> /bin/python3.10
2026-08-15 15:03:13.943 [info] Found: /bin/python3.8 --> /bin/python3.8
2026-08-15 15:03:13.954 [info] Found: /usr/bin/python --> /usr/bin/python3.10
2026-08-15 15:03:13.955 [info] Found: /usr/bin/python3 --> /usr/bin/python3.10
2026-08-15 15:03:13.957 [info] Found: /usr/bin/python3.10 --> /usr/bin/python3.10
2026-08-15 15:03:13.957 [info] Found: /usr/bin/python3.8 --> /usr/bin/python3.8
2026-08-15 15:03:13.974 [info] > /bin/python -I /usr/local/lib/code-server-4.103.2/lib/vscode/extensions/ms-python.python-2025.12.0/python_files/get_output_via_markers.py /usr/local/lib/code-server-4.103.2/lib/vscode/extensions/ms-python.python-2025.12.0/python_files/interpreterInfo.py
2026-08-15 15:03:13.981 [info] > /bin/python3.8 -I /usr/local/lib/code-server-4.103.2/lib/vscode/extensions/ms-python.python-2025.12.0/python_files/get_output_via_markers.py /usr/local/lib/code-server-4.103.2/lib/vscode/extensions/ms-python.python-2025.12.0/python_files/interpreterInfo.py
2026-08-15 15:03:13.986 [info] Finished searching for interpreters in posix paths locator: 116 milliseconds
2026-08-15 15:03:13.994 [info] Environments refresh paths discovered (event): 124 milliseconds
2026-08-15 15:03:13.994 [info] Environments refresh paths discovered: 124 milliseconds
2026-08-15 15:03:14.004 [info] > /usr/bin/python -I /usr/local/lib/code-server-4.103.2/lib/vscode/extensions/ms-python.python-2025.12.0/python_files/get_output_via_markers.py /usr/local/lib/code-server-4.103.2/lib/vscode/extensions/ms-python.python-2025.12.0/python_files/interpreterInfo.py
2026-08-15 15:03:14.008 [info] > /usr/bin/python3.8 -I /usr/local/lib/code-server-4.103.2/lib/vscode/extensions/ms-python.python-2025.12.0/python_files/get_output_via_markers.py /usr/local/lib/code-server-4.103.2/lib/vscode/extensions/ms-python.python-2025.12.0/python_files/interpreterInfo.py
2026-08-15 15:03:14.032 [info] Environments refresh finished (event): 162 milliseconds
2026-08-15 15:03:14.038 [info] Environment refresh took 169 milliseconds
2026-08-15 15:03:14.041 [info] Python interpreter path: /bin/python
2026-08-15 15:03:15.041 [info] Starting Jedi language server for work.
