2026-08-09 14:29:34.296 [info] Installing C# dependencies...
2026-08-09 14:29:34.296 [info] 

2026-08-09 14:29:34.296 [info] Platform: linux, x86_64, name=ubuntu, version=20.04

2026-08-09 14:29:34.296 [info] 

2026-08-09 14:29:34.296 [info] Downloading package 'OmniSharp for Linux (.NET 6 / x64)' 
2026-08-09 14:29:34.501 [info] (48238 KB)
2026-08-09 14:29:34.501 [info] .
2026-08-09 14:29:34.599 [info] 
2026-08-09 14:29:34.639 [info] 
2026-08-09 14:29:34.659 [info] 
2026-08-09 14:29:34.679 [info] 
2026-08-09 14:29:34.699 [info] .
2026-08-09 14:29:34.719 [info] 
2026-08-09 14:29:34.739 [info] 
2026-08-09 14:29:34.758 [info] 
2026-08-09 14:29:34.791 [info] 
2026-08-09 14:29:34.792 [info] .
2026-08-09 14:29:34.811 [info] 
2026-08-09 14:29:34.812 [info] 
2026-08-09 14:29:34.831 [info] 
2026-08-09 14:29:34.832 [info] 
2026-08-09 14:29:34.851 [info] .
2026-08-09 14:29:34.852 [info] 
2026-08-09 14:29:34.901 [info] 
2026-08-09 14:29:34.902 [info] 
2026-08-09 14:29:34.904 [info] 
2026-08-09 14:29:34.920 [info] .
2026-08-09 14:29:34.922 [info] 
2026-08-09 14:29:34.925 [info] 
2026-08-09 14:29:34.928 [info] 
2026-08-09 14:29:34.942 [info] 
2026-08-09 14:29:34.943 [info] .
2026-08-09 14:29:34.973 [info] 
2026-08-09 14:29:34.975 [info] 
2026-08-09 14:29:34.977 [info] 
2026-08-09 14:29:34.981 [info] 
2026-08-09 14:29:34.993 [info] .
2026-08-09 14:29:34.995 [info] 
2026-08-09 14:29:34.997 [info] 
2026-08-09 14:29:35.003 [info] 
2026-08-09 14:29:35.043 [info] 
2026-08-09 14:29:35.044 [info] .
2026-08-09 14:29:35.047 [info] 
2026-08-09 14:29:35.050 [info] 
2026-08-09 14:29:35.085 [info] 
2026-08-09 14:29:35.086 [info] 
2026-08-09 14:29:35.087 [info] .
2026-08-09 14:29:35.088 [info] 
2026-08-09 14:29:35.104 [info] 
2026-08-09 14:29:35.137 [info] 
2026-08-09 14:29:35.138 [info] 
2026-08-09 14:29:35.142 [info] .
2026-08-09 14:29:35.169 [info] 
2026-08-09 14:29:35.170 [info] 
2026-08-09 14:29:35.172 [info] 
2026-08-09 14:29:35.188 [info] 
2026-08-09 14:29:35.189 [info] .
2026-08-09 14:29:35.221 [info] 
2026-08-09 14:29:35.221 [info] 
2026-08-09 14:29:35.224 [info] 
2026-08-09 14:29:35.241 [info] 
2026-08-09 14:29:35.242 [info] .
2026-08-09 14:29:35.260 [info] 
2026-08-09 14:29:35.261 [info] 
2026-08-09 14:29:35.264 [info] 
2026-08-09 14:29:35.281 [info] 
2026-08-09 14:29:35.313 [info] .
2026-08-09 14:29:35.314 [info] 
2026-08-09 14:29:35.332 [info] 
2026-08-09 14:29:35.333 [info] 
2026-08-09 14:29:35.336 [info] 
2026-08-09 14:29:35.352 [info] .
2026-08-09 14:29:35.353 [info] 
2026-08-09 14:29:35.372 [info] 
2026-08-09 14:29:35.404 [info] 
2026-08-09 14:29:35.405 [info] 
2026-08-09 14:29:35.408 [info] .
2026-08-09 14:29:35.425 [info] 
2026-08-09 14:29:35.426 [info] 
2026-08-09 14:29:35.444 [info] 
2026-08-09 14:29:35.445 [info] 
2026-08-09 14:29:35.449 [info] .
2026-08-09 14:29:35.465 [info] 
2026-08-09 14:29:35.497 [info] 
2026-08-09 14:29:35.498 [info] 
2026-08-09 14:29:35.517 [info] 
2026-08-09 14:29:35.517 [info] .
2026-08-09 14:29:35.521 [info] 
2026-08-09 14:29:35.537 [info] 
2026-08-09 14:29:35.538 [info] 
2026-08-09 14:29:35.556 [info] 
2026-08-09 14:29:35.587 [info] .
2026-08-09 14:29:35.588 [info] 
2026-08-09 14:29:35.591 [info] 
2026-08-09 14:29:35.608 [info] 
2026-08-09 14:29:35.609 [info] 
2026-08-09 14:29:35.627 [info] .
2026-08-09 14:29:35.629 [info] 
2026-08-09 14:29:35.632 [info] 
2026-08-09 14:29:35.648 [info] 
2026-08-09 14:29:35.672 [info] 
2026-08-09 14:29:35.673 [info] .
2026-08-09 14:29:35.692 [info] 
2026-08-09 14:29:35.694 [info] 
2026-08-09 14:29:35.695 [info] 
2026-08-09 14:29:35.712 [info] 
2026-08-09 14:29:35.742 [info]  Done!

2026-08-09 14:29:35.787 [info] Validating download...

2026-08-09 14:29:35.788 [info] Integrity Check succeeded.

2026-08-09 14:29:35.788 [info] Installing package 'OmniSharp for Linux (.NET 6 / x64)'

2026-08-09 14:29:35.790 [info] 

2026-08-09 14:29:36.466 [info] Downloading package '.NET Core Debugger (linux / x64)' 
2026-08-09 14:29:37.410 [info] (3489 KB)
2026-08-09 14:29:37.410 [info] .
2026-08-09 14:29:37.416 [info] 
2026-08-09 14:29:37.420 [info] 
2026-08-09 14:29:37.422 [info] 
2026-08-09 14:29:37.427 [info] 
2026-08-09 14:29:37.427 [info] .
2026-08-09 14:29:37.430 [info] 
2026-08-09 14:29:37.430 [info] 
2026-08-09 14:29:37.433 [info] 
2026-08-09 14:29:37.433 [info] 
2026-08-09 14:29:37.435 [info] .
2026-08-09 14:29:37.436 [info] 
2026-08-09 14:29:37.436 [info] 
2026-08-09 14:29:37.439 [info] 
2026-08-09 14:29:37.439 [info] 
2026-08-09 14:29:37.439 [info] .
2026-08-09 14:29:37.439 [info] 
2026-08-09 14:29:37.443 [info] 
2026-08-09 14:29:37.443 [info] 
2026-08-09 14:29:37.443 [info] 
2026-08-09 14:29:37.443 [info] .
2026-08-09 14:29:37.447 [info] 
2026-08-09 14:29:37.447 [info] 
2026-08-09 14:29:37.450 [info] 
2026-08-09 14:29:37.450 [info] 
2026-08-09 14:29:37.450 [info] .
2026-08-09 14:29:37.450 [info] 
2026-08-09 14:29:37.453 [info] 
2026-08-09 14:29:37.453 [info] 
2026-08-09 14:29:37.454 [info] 
2026-08-09 14:29:37.454 [info] .
2026-08-09 14:29:37.456 [info] 
2026-08-09 14:29:37.456 [info] 
2026-08-09 14:29:37.457 [info] 
2026-08-09 14:29:37.457 [info] 
2026-08-09 14:29:37.460 [info] .
2026-08-09 14:29:37.460 [info] 
2026-08-09 14:29:37.460 [info] 
2026-08-09 14:29:37.463 [info] 
2026-08-09 14:29:37.463 [info] 
2026-08-09 14:29:37.463 [info] .
2026-08-09 14:29:37.467 [info] 
2026-08-09 14:29:37.467 [info] 
2026-08-09 14:29:37.469 [info] 
2026-08-09 14:29:37.470 [info] 
2026-08-09 14:29:37.472 [info] .
2026-08-09 14:29:37.472 [info] 
2026-08-09 14:29:37.473 [info] 
2026-08-09 14:29:37.475 [info] 
2026-08-09 14:29:37.475 [info] 
2026-08-09 14:29:37.475 [info] .
2026-08-09 14:29:37.476 [info] 
2026-08-09 14:29:37.478 [info] 
2026-08-09 14:29:37.479 [info] 
2026-08-09 14:29:37.479 [info] 
2026-08-09 14:29:37.479 [info] .
2026-08-09 14:29:37.482 [info] 
2026-08-09 14:29:37.482 [info] 
2026-08-09 14:29:37.482 [info] 
2026-08-09 14:29:37.482 [info] 
2026-08-09 14:29:37.482 [info] .
2026-08-09 14:29:37.485 [info] 
2026-08-09 14:29:37.485 [info] 
2026-08-09 14:29:37.485 [info] 
2026-08-09 14:29:37.485 [info] 
2026-08-09 14:29:37.485 [info] .
2026-08-09 14:29:37.489 [info] 
2026-08-09 14:29:37.489 [info] 
2026-08-09 14:29:37.489 [info] 
2026-08-09 14:29:37.489 [info] 
2026-08-09 14:29:37.492 [info] .
2026-08-09 14:29:37.492 [info] 
2026-08-09 14:29:37.493 [info] 
2026-08-09 14:29:37.493 [info] 
2026-08-09 14:29:37.493 [info] 
2026-08-09 14:29:37.496 [info] .
2026-08-09 14:29:37.496 [info] 
2026-08-09 14:29:37.497 [info] 
2026-08-09 14:29:37.499 [info] 
2026-08-09 14:29:37.499 [info] 
2026-08-09 14:29:37.499 [info] .
2026-08-09 14:29:37.500 [info] 
2026-08-09 14:29:37.502 [info] 
2026-08-09 14:29:37.502 [info] 
2026-08-09 14:29:37.506 [info] 
2026-08-09 14:29:37.506 [info] .
2026-08-09 14:29:37.506 [info] 
2026-08-09 14:29:37.506 [info] 
2026-08-09 14:29:37.509 [info] 
2026-08-09 14:29:37.509 [info] 
2026-08-09 14:29:37.509 [info] .
2026-08-09 14:29:37.509 [info] 
2026-08-09 14:29:37.513 [info] 
2026-08-09 14:29:37.513 [info] 
2026-08-09 14:29:37.513 [info] 
2026-08-09 14:29:37.513 [info] .
2026-08-09 14:29:37.516 [info] 
2026-08-09 14:29:37.517 [info] 
2026-08-09 14:29:37.517 [info] 
2026-08-09 14:29:37.517 [info] 
2026-08-09 14:29:37.518 [info]  Done!

2026-08-09 14:29:37.520 [info] Installing package '.NET Core Debugger (linux / x64)'

2026-08-09 14:29:37.522 [info] 

2026-08-09 14:29:37.579 [info] Finished

2026-08-09 14:29:37.579 [info] 

2026-08-09 14:29:37.595 [info] Installing Razor OmniSharp Version = 7.0.0-preview.23363.1...
2026-08-09 14:29:37.595 [info] 

2026-08-09 14:29:37.595 [info] Platform: linux, x86_64, name=ubuntu, version=20.04

2026-08-09 14:29:37.595 [info] 

2026-08-09 14:29:37.597 [info] Downloading package 'Razor Language Server for OmniSharp (Linux / x64)' 
2026-08-09 14:29:38.178 [info] (73248 KB)
2026-08-09 14:29:38.178 [info] .
2026-08-09 14:29:38.210 [info] 
2026-08-09 14:29:38.319 [info] 
2026-08-09 14:29:38.406 [info] 
2026-08-09 14:29:38.419 [info] 
2026-08-09 14:29:38.513 [info] .
2026-08-09 14:29:38.586 [info] 
2026-08-09 14:29:38.655 [info] 
2026-08-09 14:29:38.661 [info] 
2026-08-09 14:29:38.758 [info] 
2026-08-09 14:29:38.838 [info] .
2026-08-09 14:29:38.851 [info] 
2026-08-09 14:29:38.947 [info] 
2026-08-09 14:29:39.028 [info] 
2026-08-09 14:29:39.117 [info] 
2026-08-09 14:29:39.123 [info] .
2026-08-09 14:29:39.197 [info] 
2026-08-09 14:29:39.277 [info] 
2026-08-09 14:29:39.282 [info] 
2026-08-09 14:29:39.351 [info] 
2026-08-09 14:29:39.427 [info] .
2026-08-09 14:29:39.525 [info] 
2026-08-09 14:29:39.730 [info] 
2026-08-09 14:29:39.835 [info] 
2026-08-09 14:29:39.912 [info] 
2026-08-09 14:29:39.921 [info] .
2026-08-09 14:29:39.989 [info] 
2026-08-09 14:29:40.064 [info] 
2026-08-09 14:29:40.143 [info] 
2026-08-09 14:29:40.147 [info] 
2026-08-09 14:29:40.218 [info] .
2026-08-09 14:29:40.289 [info] 
2026-08-09 14:29:40.297 [info] 
2026-08-09 14:29:40.375 [info] 
2026-08-09 14:29:40.452 [info] 
2026-08-09 14:29:40.520 [info] .
2026-08-09 14:29:40.535 [info] 
2026-08-09 14:29:40.596 [info] 
2026-08-09 14:29:40.663 [info] 
2026-08-09 14:29:40.669 [info] 
2026-08-09 14:29:40.742 [info] .
2026-08-09 14:29:40.821 [info] 
2026-08-09 14:29:40.900 [info] 
2026-08-09 14:29:40.903 [info] 
2026-08-09 14:29:41.009 [info] 
2026-08-09 14:29:41.120 [info] .
2026-08-09 14:29:41.127 [info] 
2026-08-09 14:29:41.354 [info] 
2026-08-09 14:29:41.451 [info] 
2026-08-09 14:29:41.538 [info] 
2026-08-09 14:29:41.547 [info] .
2026-08-09 14:29:41.617 [info] 
2026-08-09 14:29:41.930 [info] 
2026-08-09 14:29:41.938 [info] 
2026-08-09 14:29:41.942 [info] 
2026-08-09 14:29:42.016 [info] .
2026-08-09 14:29:42.093 [info] 
2026-08-09 14:29:42.098 [info] 
2026-08-09 14:29:42.170 [info] 
2026-08-09 14:29:42.247 [info] 
2026-08-09 14:29:42.252 [info] .
2026-08-09 14:29:42.321 [info] 
2026-08-09 14:29:42.397 [info] 
2026-08-09 14:29:42.472 [info] 
2026-08-09 14:29:42.484 [info] 
2026-08-09 14:29:42.556 [info] .
2026-08-09 14:29:42.647 [info] 
2026-08-09 14:29:42.658 [info] 
2026-08-09 14:29:42.663 [info] 
2026-08-09 14:29:42.731 [info] 
2026-08-09 14:29:42.805 [info] .
2026-08-09 14:29:42.818 [info] 
2026-08-09 14:29:42.901 [info] 
2026-08-09 14:29:42.984 [info] 
2026-08-09 14:29:42.990 [info] 
2026-08-09 14:29:43.069 [info] .
2026-08-09 14:29:43.144 [info] 
2026-08-09 14:29:43.222 [info] 
2026-08-09 14:29:43.229 [info] 
2026-08-09 14:29:43.308 [info] 
2026-08-09 14:29:43.324 [info] .
2026-08-09 14:29:43.330 [info] 
2026-08-09 14:29:43.443 [info] 
2026-08-09 14:29:43.679 [info] 
2026-08-09 14:29:43.823 [info] 
2026-08-09 14:29:44.013 [info] .
2026-08-09 14:29:44.103 [info] 
2026-08-09 14:29:44.181 [info] 
2026-08-09 14:29:44.182 [info] 
2026-08-09 14:29:44.260 [info] 
2026-08-09 14:29:44.627 [info] .
2026-08-09 14:29:44.712 [info] 
2026-08-09 14:29:44.716 [info] 
2026-08-09 14:29:44.786 [info] 
2026-08-09 14:29:44.858 [info] 
2026-08-09 14:29:44.862 [info] .
2026-08-09 14:29:44.930 [info] 
2026-08-09 14:29:44.999 [info] 
2026-08-09 14:29:45.069 [info] 
2026-08-09 14:29:45.071 [info] 
2026-08-09 14:29:45.176 [info]  Done!

2026-08-09 14:29:45.178 [info] Installing package 'Razor Language Server for OmniSharp (Linux / x64)'

2026-08-09 14:29:45.179 [info] 

2026-08-09 14:29:46.959 [info] Finished

2026-08-09 14:29:46.959 [info] 

