2026-08-16 15:05:31.684 [info] [main] Log level: Info
2026-08-16 15:05:31.684 [info] [main] Validating found git in: "git"
2026-08-16 15:05:31.684 [info] [main] Using git "2.25.1" from "git"
2026-08-16 15:05:31.688 [info] [Model][doInitialScan] Initial repository scan started
2026-08-16 15:05:31.688 [info] > git rev-parse --show-toplevel [4ms]
2026-08-16 15:05:31.688 [info] fatal: not a git repository (or any parent up to mount point /voc)
Stopping at filesystem boundary (GIT_DISCOVERY_ACROSS_FILESYSTEM not set).
2026-08-16 15:05:31.688 [info] > git rev-parse --show-toplevel [4ms]
2026-08-16 15:05:31.688 [info] fatal: not a git repository (or any parent up to mount point /voc)
Stopping at filesystem boundary (GIT_DISCOVERY_ACROSS_FILESYSTEM not set).
2026-08-16 15:05:31.688 [info] > git rev-parse --show-toplevel [4ms]
2026-08-16 15:05:31.688 [info] fatal: not a git repository (or any parent up to mount point /voc)
Stopping at filesystem boundary (GIT_DISCOVERY_ACROSS_FILESYSTEM not set).
2026-08-16 15:05:31.688 [info] > git rev-parse --show-toplevel [4ms]
2026-08-16 15:05:31.688 [info] fatal: not a git repository (or any parent up to mount point /voc)
Stopping at filesystem boundary (GIT_DISCOVERY_ACROSS_FILESYSTEM not set).
2026-08-16 15:05:31.688 [info] > git rev-parse --show-toplevel [4ms]
2026-08-16 15:05:31.688 [info] fatal: not a git repository (or any parent up to mount point /voc)
Stopping at filesystem boundary (GIT_DISCOVERY_ACROSS_FILESYSTEM not set).
2026-08-16 15:05:31.688 [info] > git rev-parse --show-toplevel [4ms]
2026-08-16 15:05:31.688 [info] fatal: not a git repository (or any parent up to mount point /voc)
Stopping at filesystem boundary (GIT_DISCOVERY_ACROSS_FILESYSTEM not set).
2026-08-16 15:05:31.688 [info] > git rev-parse --show-toplevel [4ms]
2026-08-16 15:05:31.688 [info] fatal: not a git repository (or any parent up to mount point /voc)
Stopping at filesystem boundary (GIT_DISCOVERY_ACROSS_FILESYSTEM not set).
2026-08-16 15:05:31.688 [info] > git rev-parse --show-toplevel [4ms]
2026-08-16 15:05:31.688 [info] fatal: not a git repository (or any parent up to mount point /voc)
Stopping at filesystem boundary (GIT_DISCOVERY_ACROSS_FILESYSTEM not set).
2026-08-16 15:05:31.688 [info] > git rev-parse --show-toplevel [4ms]
2026-08-16 15:05:31.688 [info] fatal: not a git repository (or any parent up to mount point /voc)
Stopping at filesystem boundary (GIT_DISCOVERY_ACROSS_FILESYSTEM not set).
2026-08-16 15:05:31.688 [info] > git rev-parse --show-toplevel [4ms]
2026-08-16 15:05:31.688 [info] fatal: not a git repository (or any parent up to mount point /voc)
Stopping at filesystem boundary (GIT_DISCOVERY_ACROSS_FILESYSTEM not set).
2026-08-16 15:05:31.688 [info] > git rev-parse --show-toplevel [3ms]
2026-08-16 15:05:31.688 [info] fatal: not a git repository (or any parent up to mount point /voc)
Stopping at filesystem boundary (GIT_DISCOVERY_ACROSS_FILESYSTEM not set).
2026-08-16 15:05:31.688 [info] > git rev-parse --show-toplevel [3ms]
2026-08-16 15:05:31.688 [info] fatal: not a git repository (or any parent up to mount point /voc)
Stopping at filesystem boundary (GIT_DISCOVERY_ACROSS_FILESYSTEM not set).
2026-08-16 15:05:31.688 [info] [Model][doInitialScan] Initial repository scan completed - repositories (0), closed repositories (0), parent repositories (0), unsafe repositories (0)
2026-08-16 15:05:54.041 [info] > git rev-parse --show-toplevel [8ms]
2026-08-16 15:05:54.042 [info] fatal: not a git repository (or any parent up to mount point /voc)
Stopping at filesystem boundary (GIT_DISCOVERY_ACROSS_FILESYSTEM not set).
2026-08-16 15:07:56.766 [info] > git rev-parse --show-toplevel [3ms]
2026-08-16 15:07:56.766 [info] fatal: not a git repository (or any parent up to mount point /voc)
Stopping at filesystem boundary (GIT_DISCOVERY_ACROSS_FILESYSTEM not set).
2026-08-16 15:07:57.736 [info] > git rev-parse --show-toplevel [3ms]
2026-08-16 15:07:57.736 [info] fatal: not a git repository (or any parent up to mount point /voc)
Stopping at filesystem boundary (GIT_DISCOVERY_ACROSS_FILESYSTEM not set).
2026-08-16 15:07:58.313 [info] > git rev-parse --show-toplevel [2ms]
2026-08-16 15:07:58.313 [info] fatal: not a git repository (or any parent up to mount point /voc)
Stopping at filesystem boundary (GIT_DISCOVERY_ACROSS_FILESYSTEM not set).
2026-08-16 15:08:00.134 [info] > git rev-parse --show-toplevel [10ms]
2026-08-16 15:08:00.134 [info] fatal: not a git repository (or any parent up to mount point /voc)
Stopping at filesystem boundary (GIT_DISCOVERY_ACROSS_FILESYSTEM not set).
2026-08-16 15:09:19.498 [info] > git rev-parse --show-toplevel [7ms]
2026-08-16 15:09:19.499 [info] fatal: not a git repository (or any parent up to mount point /voc)
Stopping at filesystem boundary (GIT_DISCOVERY_ACROSS_FILESYSTEM not set).
2026-08-16 15:09:20.162 [info] > git rev-parse --show-toplevel [2ms]
2026-08-16 15:09:20.162 [info] fatal: not a git repository (or any parent up to mount point /voc)
Stopping at filesystem boundary (GIT_DISCOVERY_ACROSS_FILESYSTEM not set).
2026-08-16 15:12:31.102 [info] > git rev-parse --show-toplevel [4ms]
2026-08-16 15:12:31.103 [info] fatal: not a git repository (or any parent up to mount point /voc)
Stopping at filesystem boundary (GIT_DISCOVERY_ACROSS_FILESYSTEM not set).
2026-08-16 15:16:35.595 [info] > git init [269ms]
2026-08-16 15:16:35.609 [info] > git rev-parse --show-toplevel [9ms]
2026-08-16 15:16:35.622 [info] > git rev-parse --git-dir --git-common-dir --show-superproject-working-tree [10ms]
2026-08-16 15:16:35.630 [info] [Model][openRepository] Opened repository (path): /voc/work
2026-08-16 15:16:35.630 [info] [Model][openRepository] Opened repository (real path): /voc/work
2026-08-16 15:16:35.630 [info] [Model][openRepository] Opened repository (kind): repository
2026-08-16 15:16:35.638 [info] [Git][getRemotes] No remotes found in the git config file
2026-08-16 15:16:35.645 [info] > git config --get commit.template [7ms]
2026-08-16 15:16:35.649 [info] > git for-each-ref --format=%(refname)%00%(upstream:short)%00%(objectname)%00%(upstream:track)%00%(upstream:remotename)%00%(upstream:remoteref) refs/heads/master refs/remotes/master [13ms]
2026-08-16 15:16:35.649 [warning] [Git][getBranch] No such branch: master
2026-08-16 15:16:35.675 [info] > git for-each-ref --sort -committerdate --format %(refname)%00%(objectname)%00%(*objectname) [17ms]
2026-08-16 15:16:36.010 [info] > git status -z -uall [355ms]
2026-08-16 15:16:36.026 [info] [Git][getRemotes] No remotes found in the git config file
2026-08-16 15:16:36.032 [info] > git config --get commit.template [9ms]
2026-08-16 15:16:36.032 [info] > git for-each-ref --format=%(refname)%00%(upstream:short)%00%(objectname)%00%(upstream:track)%00%(upstream:remotename)%00%(upstream:remoteref) refs/heads/master refs/remotes/master [13ms]
2026-08-16 15:16:36.035 [warning] [Git][getBranch] No such branch: master
2026-08-16 15:16:36.035 [error] [GitHistoryProvider][resolveHEADMergeBase] Failed to resolve merge base for master: Error: No such branch: master.
2026-08-16 15:16:36.039 [info] > git for-each-ref --format=%(refname)%00%(upstream:short)%00%(objectname)%00%(upstream:track)%00%(upstream:remotename)%00%(upstream:remoteref) refs/heads/master refs/remotes/master [13ms]
2026-08-16 15:16:36.039 [warning] [Git][getBranch] No such branch: master
2026-08-16 15:16:36.056 [info] > git for-each-ref --sort -committerdate --format %(refname)%00%(objectname)%00%(*objectname) [13ms]
2026-08-16 15:16:36.139 [info] > git status -z -uall [98ms]
2026-08-16 15:16:36.392 [info] > git log --format=%H%n%aN%n%aE%n%at%n%ct%n%P%n%D%n%B -z --shortstat -n50 --skip=0 --topo-order --decorate=full --stdin [16ms]
2026-08-16 15:16:36.392 [info] fatal: bad revision 'refs/heads/master'
2026-08-16 15:16:36.392 [error] [GitHistoryProvider][provideHistoryItems] Failed to get history items with options '{"historyItemRefs":["refs/heads/master"],"limit":50,"skip":0}': Failed to execute git {
  "exitCode": 128,
  "gitCommand": "log",
  "stdout": "",
  "stderr": "fatal: bad revision 'refs/heads/master'\n"
}
2026-08-16 15:16:36.810 [info] > git check-ignore -v -z --stdin [12ms]
2026-08-16 15:16:37.558 [info] > git check-ignore -v -z --stdin [13ms]
2026-08-16 15:16:38.770 [info] [Git][getRemotes] No remotes found in the git config file
2026-08-16 15:16:38.774 [info] > git config --get commit.template [7ms]
2026-08-16 15:16:38.782 [info] > git for-each-ref --format=%(refname)%00%(upstream:short)%00%(objectname)%00%(upstream:track)%00%(upstream:remotename)%00%(upstream:remoteref) refs/heads/master refs/remotes/master [12ms]
2026-08-16 15:16:38.782 [warning] [Git][getBranch] No such branch: master
2026-08-16 15:16:38.800 [info] > git for-each-ref --sort -committerdate --format %(refname)%00%(objectname)%00%(*objectname) [14ms]
2026-08-16 15:16:38.883 [info] > git status -z -uall [99ms]
2026-08-16 15:16:43.890 [info] [Git][getRemotes] No remotes found in the git config file
2026-08-16 15:16:43.899 [info] > git config --get commit.template [10ms]
2026-08-16 15:16:43.907 [info] > git for-each-ref --format=%(refname)%00%(upstream:short)%00%(objectname)%00%(upstream:track)%00%(upstream:remotename)%00%(upstream:remoteref) refs/heads/master refs/remotes/master [15ms]
2026-08-16 15:16:43.907 [warning] [Git][getBranch] No such branch: master
2026-08-16 15:16:43.926 [info] > git for-each-ref --sort -committerdate --format %(refname)%00%(objectname)%00%(*objectname) [15ms]
2026-08-16 15:16:44.034 [info] > git status -z -uall [125ms]
2026-08-16 15:16:49.044 [info] [Git][getRemotes] No remotes found in the git config file
2026-08-16 15:16:49.050 [info] > git config --get commit.template [9ms]
2026-08-16 15:16:49.057 [info] > git for-each-ref --format=%(refname)%00%(upstream:short)%00%(objectname)%00%(upstream:track)%00%(upstream:remotename)%00%(upstream:remoteref) refs/heads/master refs/remotes/master [13ms]
2026-08-16 15:16:49.057 [warning] [Git][getBranch] No such branch: master
2026-08-16 15:16:49.077 [info] > git for-each-ref --sort -committerdate --format %(refname)%00%(objectname)%00%(*objectname) [14ms]
2026-08-16 15:16:49.171 [info] > git status -z -uall [110ms]
2026-08-16 15:16:54.180 [info] [Git][getRemotes] No remotes found in the git config file
2026-08-16 15:16:54.186 [info] > git config --get commit.template [8ms]
2026-08-16 15:16:54.192 [info] > git for-each-ref --format=%(refname)%00%(upstream:short)%00%(objectname)%00%(upstream:track)%00%(upstream:remotename)%00%(upstream:remoteref) refs/heads/master refs/remotes/master [12ms]
2026-08-16 15:16:54.192 [warning] [Git][getBranch] No such branch: master
2026-08-16 15:16:54.211 [info] > git for-each-ref --sort -committerdate --format %(refname)%00%(objectname)%00%(*objectname) [15ms]
2026-08-16 15:16:54.317 [info] > git status -z -uall [123ms]
2026-08-16 15:16:58.394 [info] > git log --format=%H%n%aN%n%aE%n%at%n%ct%n%P%n%D%n%B -z --shortstat -n50 --skip=0 --topo-order --decorate=full --stdin [10ms]
2026-08-16 15:16:58.394 [info] fatal: bad revision 'refs/heads/master'
2026-08-16 15:16:58.394 [error] [GitHistoryProvider][provideHistoryItems] Failed to get history items with options '{"historyItemRefs":["refs/heads/master"],"limit":50,"skip":0}': Failed to execute git {
  "exitCode": 128,
  "gitCommand": "log",
  "stdout": "",
  "stderr": "fatal: bad revision 'refs/heads/master'\n"
}
2026-08-16 15:16:59.326 [info] [Git][getRemotes] No remotes found in the git config file
2026-08-16 15:16:59.332 [info] > git config --get commit.template [9ms]
2026-08-16 15:16:59.340 [info] > git for-each-ref --format=%(refname)%00%(upstream:short)%00%(objectname)%00%(upstream:track)%00%(upstream:remotename)%00%(upstream:remoteref) refs/heads/master refs/remotes/master [14ms]
2026-08-16 15:16:59.340 [warning] [Git][getBranch] No such branch: master
2026-08-16 15:16:59.360 [info] > git for-each-ref --sort -committerdate --format %(refname)%00%(objectname)%00%(*objectname) [16ms]
2026-08-16 15:16:59.459 [info] > git status -z -uall [117ms]
2026-08-16 15:17:00.273 [info] > git check-ignore -v -z --stdin [12ms]
2026-08-16 15:17:03.132 [info] > git check-ignore -v -z --stdin [11ms]
2026-08-16 15:17:04.468 [info] [Git][getRemotes] No remotes found in the git config file
2026-08-16 15:17:04.473 [info] > git config --get commit.template [8ms]
2026-08-16 15:17:04.481 [info] > git for-each-ref --format=%(refname)%00%(upstream:short)%00%(objectname)%00%(upstream:track)%00%(upstream:remotename)%00%(upstream:remoteref) refs/heads/master refs/remotes/master [13ms]
2026-08-16 15:17:04.481 [warning] [Git][getBranch] No such branch: master
2026-08-16 15:17:04.500 [info] > git for-each-ref --sort -committerdate --format %(refname)%00%(objectname)%00%(*objectname) [12ms]
2026-08-16 15:17:04.606 [info] > git status -z -uall [120ms]
2026-08-16 15:17:05.877 [info] > git check-ignore -v -z --stdin [10ms]
2026-08-16 15:17:06.568 [info] > git check-ignore -v -z --stdin [12ms]
2026-08-16 15:17:08.911 [info] > git log --format=%H%n%aN%n%aE%n%at%n%ct%n%P%n%D%n%B -z --shortstat -n50 --skip=0 --topo-order --decorate=full --stdin [9ms]
2026-08-16 15:17:08.912 [info] fatal: bad revision 'refs/heads/master'
2026-08-16 15:17:08.912 [error] [GitHistoryProvider][provideHistoryItems] Failed to get history items with options '{"historyItemRefs":["refs/heads/master"],"limit":50,"skip":0}': Failed to execute git {
  "exitCode": 128,
  "gitCommand": "log",
  "stdout": "",
  "stderr": "fatal: bad revision 'refs/heads/master'\n"
}
2026-08-16 15:17:09.614 [info] [Git][getRemotes] No remotes found in the git config file
2026-08-16 15:17:09.620 [info] > git config --get commit.template [7ms]
2026-08-16 15:17:09.626 [info] > git for-each-ref --format=%(refname)%00%(upstream:short)%00%(objectname)%00%(upstream:track)%00%(upstream:remotename)%00%(upstream:remoteref) refs/heads/master refs/remotes/master [10ms]
2026-08-16 15:17:09.626 [warning] [Git][getBranch] No such branch: master
2026-08-16 15:17:09.643 [info] > git for-each-ref --sort -committerdate --format %(refname)%00%(objectname)%00%(*objectname) [12ms]
2026-08-16 15:17:09.713 [info] > git status -z -uall [85ms]
2026-08-16 15:17:12.277 [info] > git log --format=%H%n%aN%n%aE%n%at%n%ct%n%P%n%D%n%B -z --shortstat -n50 --skip=0 --topo-order --decorate=full --stdin [17ms]
2026-08-16 15:17:12.277 [info] fatal: bad revision 'refs/heads/master'
2026-08-16 15:17:12.277 [error] [GitHistoryProvider][provideHistoryItems] Failed to get history items with options '{"historyItemRefs":["refs/heads/master"],"limit":50,"skip":0}': Failed to execute git {
  "exitCode": 128,
  "gitCommand": "log",
  "stdout": "",
  "stderr": "fatal: bad revision 'refs/heads/master'\n"
}
2026-08-16 15:17:14.722 [info] [Git][getRemotes] No remotes found in the git config file
2026-08-16 15:17:14.726 [info] > git config --get commit.template [7ms]
2026-08-16 15:17:14.731 [info] > git for-each-ref --format=%(refname)%00%(upstream:short)%00%(objectname)%00%(upstream:track)%00%(upstream:remotename)%00%(upstream:remoteref) refs/heads/master refs/remotes/master [9ms]
2026-08-16 15:17:14.731 [warning] [Git][getBranch] No such branch: master
2026-08-16 15:17:14.746 [info] > git for-each-ref --sort -committerdate --format %(refname)%00%(objectname)%00%(*objectname) [11ms]
2026-08-16 15:17:14.810 [info] > git status -z -uall [77ms]
2026-08-16 15:17:24.424 [info] > git add -A -- . [5871ms]
2026-08-16 15:17:27.992 [info] > git check-ignore -v -z --stdin [13ms]
2026-08-16 15:17:28.049 [info] > git show --textconv :.git/COMMIT_EDITMSG [12ms]
2026-08-16 15:17:28.052 [info] > git ls-files --stage -- .git/COMMIT_EDITMSG [13ms]
2026-08-16 15:17:28.058 [info] > git hash-object -t tree /dev/null [7ms]
2026-08-16 15:17:28.059 [warning] [GitFileSystemProvider][readFile] File not found - git:/voc/work/.git/COMMIT_EDITMSG.git?%7B%22path%22%3A%22%2Fvoc%2Fwork%2F.git%2FCOMMIT_EDITMSG%22%2C%22ref%22%3A%22%22%7D
2026-08-16 15:17:28.063 [info] > git hash-object -t tree /dev/null [9ms]
2026-08-16 15:17:28.066 [warning] [GitFileSystemProvider][stat] File not found - git:/voc/work/.git/COMMIT_EDITMSG.git?%7B%22path%22%3A%22%2Fvoc%2Fwork%2F.git%2FCOMMIT_EDITMSG%22%2C%22ref%22%3A%22%22%7D
2026-08-16 15:17:50.169 [info] > git -c user.useConfigOnly=true commit --quiet [25742ms]
2026-08-16 15:17:50.169 [info] Aborting commit due to empty commit message.
2026-08-16 15:17:50.176 [info] [Git][getRemotes] No remotes found in the git config file
2026-08-16 15:17:50.179 [info] > git config --get commit.template [7ms]
2026-08-16 15:17:50.187 [info] > git for-each-ref --format=%(refname)%00%(upstream:short)%00%(objectname)%00%(upstream:track)%00%(upstream:remotename)%00%(upstream:remoteref) refs/heads/master refs/remotes/master [11ms]
2026-08-16 15:17:50.187 [warning] [Git][getBranch] No such branch: master
2026-08-16 15:17:50.202 [info] > git for-each-ref --sort -committerdate --format %(refname)%00%(objectname)%00%(*objectname) [11ms]
2026-08-16 15:17:50.372 [info] > git status -z -uall [183ms]
2026-08-16 15:17:50.381 [info] [Git][getRemotes] No remotes found in the git config file
2026-08-16 15:17:50.387 [info] > git config --get commit.template [7ms]
2026-08-16 15:17:50.392 [info] > git for-each-ref --format=%(refname)%00%(upstream:short)%00%(objectname)%00%(upstream:track)%00%(upstream:remotename)%00%(upstream:remoteref) refs/heads/master refs/remotes/master [9ms]
2026-08-16 15:17:50.392 [warning] [Git][getBranch] No such branch: master
2026-08-16 15:17:50.406 [info] > git for-each-ref --sort -committerdate --format %(refname)%00%(objectname)%00%(*objectname) [10ms]
2026-08-16 15:17:50.491 [info] > git status -z -uall [97ms]
2026-08-16 15:17:50.869 [info] > git show --textconv HEAD:W1_package/docs/adr/ADR.MD [14ms]
2026-08-16 15:17:50.869 [warning] [GitFileSystemProvider][readFile] File not found - git:/voc/work/W1_package/docs/adr/ADR.MD.git?%7B%22path%22%3A%22%2Fvoc%2Fwork%2FW1_package%2Fdocs%2Fadr%2FADR.MD%22%2C%22ref%22%3A%22HEAD%22%7D
2026-08-16 15:17:50.873 [info] > git ls-files --stage -- W1_package/docs/adr/ADR.MD [16ms]
2026-08-16 15:17:50.875 [info] > git ls-tree -l HEAD -- W1_package/docs/adr/ADR.MD [16ms]
2026-08-16 15:17:50.877 [info] fatal: Not a valid object name HEAD
2026-08-16 15:17:50.878 [warning] [GitFileSystemProvider][stat] File not found - git:/voc/work/W1_package/docs/adr/ADR.MD.git?%7B%22path%22%3A%22%2Fvoc%2Fwork%2FW1_package%2Fdocs%2Fadr%2FADR.MD%22%2C%22ref%22%3A%22HEAD%22%7D
2026-08-16 15:17:50.878 [info] > git show --textconv :W1_package/docs/adr/ADR.MD [26ms]
2026-08-16 15:17:50.889 [info] > git cat-file -s 2525547196611fab31d4c6c588f0f3f5c92b6251 [14ms]
2026-08-16 15:17:53.301 [info] > git check-ignore -v -z --stdin [12ms]
2026-08-16 15:17:55.501 [info] [Git][getRemotes] No remotes found in the git config file
2026-08-16 15:17:55.505 [info] > git config --get commit.template [7ms]
2026-08-16 15:17:55.511 [info] > git for-each-ref --format=%(refname)%00%(upstream:short)%00%(objectname)%00%(upstream:track)%00%(upstream:remotename)%00%(upstream:remoteref) refs/heads/master refs/remotes/master [11ms]
2026-08-16 15:17:55.511 [warning] [Git][getBranch] No such branch: master
2026-08-16 15:17:55.527 [info] > git for-each-ref --sort -committerdate --format %(refname)%00%(objectname)%00%(*objectname) [12ms]
2026-08-16 15:17:55.592 [info] > git log --format=%H%n%aN%n%aE%n%at%n%ct%n%P%n%D%n%B -z --shortstat -n50 --skip=0 --topo-order --decorate=full --stdin [10ms]
2026-08-16 15:17:55.592 [info] fatal: bad revision 'refs/heads/master'
2026-08-16 15:17:55.592 [error] [GitHistoryProvider][provideHistoryItems] Failed to get history items with options '{"historyItemRefs":["refs/heads/master"],"limit":50,"skip":0}': Failed to execute git {
  "exitCode": 128,
  "gitCommand": "log",
  "stdout": "",
  "stderr": "fatal: bad revision 'refs/heads/master'\n"
}
2026-08-16 15:17:55.600 [info] > git status -z -uall [87ms]
2026-08-16 15:18:00.609 [info] [Git][getRemotes] No remotes found in the git config file
2026-08-16 15:18:00.614 [info] > git config --get commit.template [8ms]
2026-08-16 15:18:00.621 [info] > git for-each-ref --format=%(refname)%00%(upstream:short)%00%(objectname)%00%(upstream:track)%00%(upstream:remotename)%00%(upstream:remoteref) refs/heads/master refs/remotes/master [12ms]
2026-08-16 15:18:00.621 [warning] [Git][getBranch] No such branch: master
2026-08-16 15:18:00.635 [info] > git for-each-ref --sort -committerdate --format %(refname)%00%(objectname)%00%(*objectname) [10ms]
2026-08-16 15:18:00.703 [info] > git status -z -uall [80ms]
2026-08-16 15:18:05.713 [info] [Git][getRemotes] No remotes found in the git config file
2026-08-16 15:18:05.718 [info] > git config --get commit.template [8ms]
2026-08-16 15:18:05.725 [info] > git for-each-ref --format=%(refname)%00%(upstream:short)%00%(objectname)%00%(upstream:track)%00%(upstream:remotename)%00%(upstream:remoteref) refs/heads/master refs/remotes/master [12ms]
2026-08-16 15:18:05.725 [warning] [Git][getBranch] No such branch: master
2026-08-16 15:18:05.742 [info] > git for-each-ref --sort -committerdate --format %(refname)%00%(objectname)%00%(*objectname) [13ms]
2026-08-16 15:18:05.861 [info] > git status -z -uall [134ms]
2026-08-16 15:18:10.870 [info] [Git][getRemotes] No remotes found in the git config file
2026-08-16 15:18:10.877 [info] > git config --get commit.template [10ms]
2026-08-16 15:18:10.882 [info] > git for-each-ref --format=%(refname)%00%(upstream:short)%00%(objectname)%00%(upstream:track)%00%(upstream:remotename)%00%(upstream:remoteref) refs/heads/master refs/remotes/master [12ms]
2026-08-16 15:18:10.882 [warning] [Git][getBranch] No such branch: master
2026-08-16 15:18:10.900 [info] > git for-each-ref --sort -committerdate --format %(refname)%00%(objectname)%00%(*objectname) [14ms]
2026-08-16 15:18:10.986 [info] > git status -z -uall [102ms]
2026-08-16 15:18:15.995 [info] [Git][getRemotes] No remotes found in the git config file
2026-08-16 15:18:16.000 [info] > git config --get commit.template [7ms]
2026-08-16 15:18:16.006 [info] > git for-each-ref --format=%(refname)%00%(upstream:short)%00%(objectname)%00%(upstream:track)%00%(upstream:remotename)%00%(upstream:remoteref) refs/heads/master refs/remotes/master [11ms]
2026-08-16 15:18:16.006 [warning] [Git][getBranch] No such branch: master
2026-08-16 15:18:16.023 [info] > git for-each-ref --sort -committerdate --format %(refname)%00%(objectname)%00%(*objectname) [13ms]
2026-08-16 15:18:16.129 [info] > git status -z -uall [121ms]
2026-08-16 15:18:21.138 [info] [Git][getRemotes] No remotes found in the git config file
2026-08-16 15:18:21.142 [info] > git config --get commit.template [8ms]
2026-08-16 15:18:21.149 [info] > git for-each-ref --format=%(refname)%00%(upstream:short)%00%(objectname)%00%(upstream:track)%00%(upstream:remotename)%00%(upstream:remoteref) refs/heads/master refs/remotes/master [11ms]
2026-08-16 15:18:21.149 [warning] [Git][getBranch] No such branch: master
2026-08-16 15:18:21.167 [info] > git for-each-ref --sort -committerdate --format %(refname)%00%(objectname)%00%(*objectname) [14ms]
2026-08-16 15:18:21.244 [info] > git status -z -uall [93ms]
2026-08-16 15:18:26.252 [info] [Git][getRemotes] No remotes found in the git config file
2026-08-16 15:18:26.256 [info] > git config --get commit.template [7ms]
2026-08-16 15:18:26.263 [info] > git for-each-ref --format=%(refname)%00%(upstream:short)%00%(objectname)%00%(upstream:track)%00%(upstream:remotename)%00%(upstream:remoteref) refs/heads/master refs/remotes/master [11ms]
2026-08-16 15:18:26.263 [warning] [Git][getBranch] No such branch: master
2026-08-16 15:18:26.279 [info] > git for-each-ref --sort -committerdate --format %(refname)%00%(objectname)%00%(*objectname) [12ms]
2026-08-16 15:18:26.354 [info] > git status -z -uall [89ms]
2026-08-16 15:18:31.361 [info] [Git][getRemotes] No remotes found in the git config file
2026-08-16 15:18:31.369 [info] > git config --get commit.template [8ms]
2026-08-16 15:18:31.376 [info] > git for-each-ref --format=%(refname)%00%(upstream:short)%00%(objectname)%00%(upstream:track)%00%(upstream:remotename)%00%(upstream:remoteref) refs/heads/master refs/remotes/master [12ms]
2026-08-16 15:18:31.377 [warning] [Git][getBranch] No such branch: master
2026-08-16 15:18:31.395 [info] > git for-each-ref --sort -committerdate --format %(refname)%00%(objectname)%00%(*objectname) [15ms]
2026-08-16 15:18:31.515 [info] > git status -z -uall [137ms]
2026-08-16 15:18:36.525 [info] [Git][getRemotes] No remotes found in the git config file
2026-08-16 15:18:36.529 [info] > git config --get commit.template [7ms]
2026-08-16 15:18:36.535 [info] > git for-each-ref --format=%(refname)%00%(upstream:short)%00%(objectname)%00%(upstream:track)%00%(upstream:remotename)%00%(upstream:remoteref) refs/heads/master refs/remotes/master [10ms]
2026-08-16 15:18:36.535 [warning] [Git][getBranch] No such branch: master
2026-08-16 15:18:36.550 [info] > git for-each-ref --sort -committerdate --format %(refname)%00%(objectname)%00%(*objectname) [11ms]
2026-08-16 15:18:36.619 [info] > git status -z -uall [82ms]
2026-08-16 15:18:41.627 [info] [Git][getRemotes] No remotes found in the git config file
2026-08-16 15:18:41.631 [info] > git config --get commit.template [7ms]
2026-08-16 15:18:41.636 [info] > git for-each-ref --format=%(refname)%00%(upstream:short)%00%(objectname)%00%(upstream:track)%00%(upstream:remotename)%00%(upstream:remoteref) refs/heads/master refs/remotes/master [9ms]
2026-08-16 15:18:41.636 [warning] [Git][getBranch] No such branch: master
2026-08-16 15:18:41.652 [info] > git for-each-ref --sort -committerdate --format %(refname)%00%(objectname)%00%(*objectname) [12ms]
2026-08-16 15:18:41.745 [info] > git status -z -uall [107ms]
2026-08-16 15:18:46.754 [info] [Git][getRemotes] No remotes found in the git config file
2026-08-16 15:18:46.759 [info] > git config --get commit.template [8ms]
2026-08-16 15:18:46.764 [info] > git for-each-ref --format=%(refname)%00%(upstream:short)%00%(objectname)%00%(upstream:track)%00%(upstream:remotename)%00%(upstream:remoteref) refs/heads/master refs/remotes/master [10ms]
2026-08-16 15:18:46.765 [warning] [Git][getBranch] No such branch: master
2026-08-16 15:18:46.782 [info] > git for-each-ref --sort -committerdate --format %(refname)%00%(objectname)%00%(*objectname) [13ms]
2026-08-16 15:18:46.856 [info] > git status -z -uall [89ms]
2026-08-16 15:20:33.889 [info] [Git][getRemotes] No remotes found in the git config file
2026-08-16 15:20:33.898 [info] > git config --get commit.template [13ms]
2026-08-16 15:20:33.903 [info] > git for-each-ref --format=%(refname)%00%(upstream:short)%00%(objectname)%00%(upstream:track)%00%(upstream:remotename)%00%(upstream:remoteref) refs/heads/master refs/remotes/master [14ms]
2026-08-16 15:20:33.903 [warning] [Git][getBranch] No such branch: master
2026-08-16 15:20:33.920 [info] > git for-each-ref --sort -committerdate --format %(refname)%00%(objectname)%00%(*objectname) [13ms]
2026-08-16 15:20:34.179 [info] > git status -z -uall [274ms]
2026-08-16 15:20:39.188 [info] [Git][getRemotes] No remotes found in the git config file
2026-08-16 15:20:39.192 [info] > git config --get commit.template [8ms]
2026-08-16 15:20:39.198 [info] > git for-each-ref --format=%(refname)%00%(upstream:short)%00%(objectname)%00%(upstream:track)%00%(upstream:remotename)%00%(upstream:remoteref) refs/heads/master refs/remotes/master [11ms]
2026-08-16 15:20:39.198 [warning] [Git][getBranch] No such branch: master
2026-08-16 15:20:39.213 [info] > git for-each-ref --sort -committerdate --format %(refname)%00%(objectname)%00%(*objectname) [11ms]
2026-08-16 15:20:39.281 [info] > git status -z -uall [80ms]
2026-08-16 15:20:44.290 [info] [Git][getRemotes] No remotes found in the git config file
2026-08-16 15:20:44.293 [info] > git config --get commit.template [6ms]
2026-08-16 15:20:44.300 [info] > git for-each-ref --format=%(refname)%00%(upstream:short)%00%(objectname)%00%(upstream:track)%00%(upstream:remotename)%00%(upstream:remoteref) refs/heads/master refs/remotes/master [11ms]
2026-08-16 15:20:44.300 [warning] [Git][getBranch] No such branch: master
2026-08-16 15:20:44.316 [info] > git for-each-ref --sort -committerdate --format %(refname)%00%(objectname)%00%(*objectname) [12ms]
2026-08-16 15:20:44.386 [info] > git status -z -uall [84ms]
2026-08-16 15:21:11.448 [info] [Git][getRemotes] No remotes found in the git config file
2026-08-16 15:21:11.453 [info] > git config --get commit.template [8ms]
2026-08-16 15:21:11.459 [info] > git for-each-ref --format=%(refname)%00%(upstream:short)%00%(objectname)%00%(upstream:track)%00%(upstream:remotename)%00%(upstream:remoteref) refs/heads/master refs/remotes/master [11ms]
2026-08-16 15:21:11.459 [warning] [Git][getBranch] No such branch: master
2026-08-16 15:21:11.473 [info] > git for-each-ref --sort -committerdate --format %(refname)%00%(objectname)%00%(*objectname) [11ms]
2026-08-16 15:21:11.543 [info] > git status -z -uall [82ms]
2026-08-16 15:21:16.549 [info] > git log --format=%H%n%aN%n%aE%n%at%n%ct%n%P%n%D%n%B -z --shortstat -n50 --skip=0 --topo-order --decorate=full --stdin [11ms]
2026-08-16 15:21:16.549 [info] fatal: bad revision 'refs/heads/master'
2026-08-16 15:21:16.549 [error] [GitHistoryProvider][provideHistoryItems] Failed to get history items with options '{"historyItemRefs":["refs/heads/master"],"limit":50,"skip":0}': Failed to execute git {
  "exitCode": 128,
  "gitCommand": "log",
  "stdout": "",
  "stderr": "fatal: bad revision 'refs/heads/master'\n"
}
2026-08-16 15:21:16.556 [info] [Git][getRemotes] No remotes found in the git config file
2026-08-16 15:21:16.556 [info] > git config --get commit.template [8ms]
2026-08-16 15:21:16.566 [info] > git for-each-ref --format=%(refname)%00%(upstream:short)%00%(objectname)%00%(upstream:track)%00%(upstream:remotename)%00%(upstream:remoteref) refs/heads/master refs/remotes/master [10ms]
2026-08-16 15:21:16.566 [warning] [Git][getBranch] No such branch: master
2026-08-16 15:21:16.581 [info] > git for-each-ref --sort -committerdate --format %(refname)%00%(objectname)%00%(*objectname) [12ms]
2026-08-16 15:21:16.650 [info] > git status -z -uall [82ms]
2026-08-16 15:21:21.659 [info] [Git][getRemotes] No remotes found in the git config file
2026-08-16 15:21:21.664 [info] > git config --get commit.template [7ms]
2026-08-16 15:21:21.670 [info] > git for-each-ref --format=%(refname)%00%(upstream:short)%00%(objectname)%00%(upstream:track)%00%(upstream:remotename)%00%(upstream:remoteref) refs/heads/master refs/remotes/master [11ms]
2026-08-16 15:21:21.670 [warning] [Git][getBranch] No such branch: master
2026-08-16 15:21:21.686 [info] > git for-each-ref --sort -committerdate --format %(refname)%00%(objectname)%00%(*objectname) [12ms]
2026-08-16 15:21:21.757 [info] > git status -z -uall [85ms]
2026-08-16 15:21:26.766 [info] [Git][getRemotes] No remotes found in the git config file
2026-08-16 15:21:26.772 [info] > git config --get commit.template [8ms]
2026-08-16 15:21:26.779 [info] > git for-each-ref --format=%(refname)%00%(upstream:short)%00%(objectname)%00%(upstream:track)%00%(upstream:remotename)%00%(upstream:remoteref) refs/heads/master refs/remotes/master [13ms]
2026-08-16 15:21:26.779 [warning] [Git][getBranch] No such branch: master
2026-08-16 15:21:26.798 [info] > git for-each-ref --sort -committerdate --format %(refname)%00%(objectname)%00%(*objectname) [12ms]
2026-08-16 15:21:26.869 [info] > git status -z -uall [85ms]
2026-08-16 15:21:31.874 [info] [Git][getRemotes] No remotes found in the git config file
2026-08-16 15:21:31.882 [info] > git config --get commit.template [9ms]
2026-08-16 15:21:31.887 [info] > git for-each-ref --format=%(refname)%00%(upstream:short)%00%(objectname)%00%(upstream:track)%00%(upstream:remotename)%00%(upstream:remoteref) refs/heads/master refs/remotes/master [11ms]
2026-08-16 15:21:31.887 [warning] [Git][getBranch] No such branch: master
2026-08-16 15:21:31.903 [info] > git for-each-ref --sort -committerdate --format %(refname)%00%(objectname)%00%(*objectname) [12ms]
2026-08-16 15:21:31.973 [info] > git status -z -uall [84ms]
2026-08-16 15:21:33.753 [info] > git show --textconv :.git/COMMIT_EDITMSG [10ms]
2026-08-16 15:21:33.754 [warning] [GitFileSystemProvider][readFile] File not found - git:/voc/work/.git/COMMIT_EDITMSG.git?%7B%22path%22%3A%22%2Fvoc%2Fwork%2F.git%2FCOMMIT_EDITMSG%22%2C%22ref%22%3A%22%22%7D
2026-08-16 15:21:33.757 [info] > git ls-files --stage -- .git/COMMIT_EDITMSG [12ms]
2026-08-16 15:21:33.757 [warning] [GitFileSystemProvider][stat] File not found - git:/voc/work/.git/COMMIT_EDITMSG.git?%7B%22path%22%3A%22%2Fvoc%2Fwork%2F.git%2FCOMMIT_EDITMSG%22%2C%22ref%22%3A%22%22%7D
