2026-08-22 13:44:58.759 [info] Reading sessions from keychain...
2026-08-22 13:44:58.759 [info] Getting sessions for all scopes...
2026-08-22 13:44:58.759 [info] Got 0 sessions for ...
2026-08-22 13:44:58.759 [info] Getting sessions for all scopes...
2026-08-22 13:44:58.759 [info] Got 0 sessions for ...
2026-08-22 13:44:58.759 [info] Getting sessions for all scopes...
2026-08-22 13:44:58.761 [info] Got 0 sessions for ...
2026-08-22 13:44:58.761 [info] Getting sessions for all scopes...
2026-08-22 13:44:58.761 [info] Got 0 sessions for ...
2026-08-22 13:44:58.761 [info] Getting sessions for all scopes...
2026-08-22 13:44:58.761 [info] Got 0 sessions for ...
2026-08-22 13:44:58.998 [info] Getting sessions for read:user,repo,user:email,workflow...
2026-08-22 13:44:58.998 [info] Got 0 sessions for read:user,repo,user:email,workflow...
2026-08-22 13:45:02.392 [info] Logging in with 'any' account...
2026-08-22 13:45:02.393 [info] Logging in for the following scopes: read:user repo user:email workflow
2026-08-22 13:45:02.904 [info] Trying device code flow... (read:user repo user:email workflow)
2026-08-22 13:47:27.662 [error] Timed out
2026-08-22 13:51:10.538 [info] Getting sessions for read:user,repo,user:email,workflow...
2026-08-22 13:51:10.538 [info] Got 0 sessions for read:user,repo,user:email,workflow...
2026-08-22 13:51:13.644 [info] Logging in with 'any' account...
2026-08-22 13:51:13.644 [info] Logging in for the following scopes: read:user repo user:email workflow
2026-08-22 13:51:13.896 [info] Trying device code flow... (read:user repo user:email workflow)
2026-08-22 13:53:15.484 [error] User Cancelled
2026-08-22 14:07:59.323 [info] Getting sessions for read:user,repo,user:email,workflow...
2026-08-22 14:07:59.323 [info] Got 0 sessions for read:user,repo,user:email,workflow...
2026-08-22 14:08:03.147 [info] Logging in with 'any' account...
2026-08-22 14:08:03.147 [info] Logging in for the following scopes: read:user repo user:email workflow
2026-08-22 14:08:03.400 [info] Trying device code flow... (read:user repo user:email workflow)
2026-08-22 14:08:42.053 [info] Getting user info...
2026-08-22 14:08:42.592 [info] Got account info!
2026-08-22 14:08:42.592 [info] Storing 1 sessions...
2026-08-22 14:08:42.886 [info] Reading sessions from keychain...
2026-08-22 14:08:42.887 [info] Stored 1 sessions!
2026-08-22 14:08:42.887 [info] Login success!
2026-08-22 14:08:44.189 [info] Got stored sessions!
2026-08-22 14:08:44.189 [info] Got 1 verified sessions.
2026-08-22 14:14:27.365 [info] Getting sessions for read:user,repo,user:email,workflow...
2026-08-22 14:14:27.366 [info] Got 1 sessions for read:user,repo,user:email,workflow...
2026-08-22 14:17:11.626 [info] Getting sessions for read:user,repo,user:email,workflow...
2026-08-22 14:17:11.626 [info] Got 1 sessions for read:user,repo,user:email,workflow...
2026-08-22 15:12:16.824 [info] Getting sessions for read:user,repo,user:email,workflow...
2026-08-22 15:12:16.824 [info] Got 1 sessions for read:user,repo,user:email,workflow...
2026-08-22 15:37:21.094 [info] Getting sessions for read:user,repo,user:email,workflow...
2026-08-22 15:37:21.094 [info] Got 1 sessions for read:user,repo,user:email,workflow...
