2026-08-16 16:26:58.299 [info] [main] Log level: Info
2026-08-16 16:26:58.299 [info] [main] Validating found git in: "git"
2026-08-16 16:26:58.299 [info] [main] Using git "2.25.1" from "git"
2026-08-16 16:26:58.299 [info] [Model][doInitialScan] Initial repository scan started
2026-08-16 16:26:58.299 [info] > git rev-parse --show-toplevel [7ms]
2026-08-16 16:26:58.299 [info] > git rev-parse --git-dir --git-common-dir --show-superproject-working-tree [9ms]
2026-08-16 16:26:58.303 [info] [Model][openRepository] Opened repository (path): /voc/work
2026-08-16 16:26:58.303 [info] [Model][openRepository] Opened repository (real path): /voc/work
2026-08-16 16:26:58.303 [info] [Model][openRepository] Opened repository (kind): repository
2026-08-16 16:26:58.303 [info] [Git][getRemotes] No remotes found in the git config file
2026-08-16 16:26:58.303 [info] > git config --get commit.template [8ms]
2026-08-16 16:26:58.303 [info] > git rev-parse --show-toplevel [7ms]
2026-08-16 16:26:58.303 [info] > git for-each-ref --format=%(refname)%00%(upstream:short)%00%(objectname)%00%(upstream:track)%00%(upstream:remotename)%00%(upstream:remoteref) refs/heads/master refs/remotes/master [11ms]
2026-08-16 16:26:58.303 [warning] [Git][getBranch] No such branch: master
2026-08-16 16:26:58.303 [info] > git rev-parse --show-toplevel [9ms]
2026-08-16 16:26:58.303 [info] > git rev-parse --show-toplevel [9ms]
2026-08-16 16:26:58.303 [info] > git for-each-ref --sort -committerdate --format %(refname)%00%(objectname)%00%(*objectname) [12ms]
2026-08-16 16:26:58.303 [info] > git rev-parse --show-toplevel [7ms]
2026-08-16 16:26:58.303 [info] > git rev-parse --show-toplevel [7ms]
2026-08-16 16:26:58.303 [info] > git rev-parse --show-toplevel [7ms]
2026-08-16 16:26:58.303 [info] > git rev-parse --show-toplevel [7ms]
2026-08-16 16:26:58.303 [info] > git rev-parse --show-toplevel [7ms]
2026-08-16 16:26:58.303 [info] > git rev-parse --show-toplevel [6ms]
2026-08-16 16:26:58.303 [info] > git rev-parse --show-toplevel [6ms]
2026-08-16 16:26:58.303 [info] > git rev-parse --show-toplevel [7ms]
2026-08-16 16:26:58.303 [info] [Model][doInitialScan] Initial repository scan completed - repositories (1), closed repositories (0), parent repositories (0), unsafe repositories (0)
2026-08-16 16:26:58.303 [info] > git status -z -uall [111ms]
2026-08-16 16:26:58.303 [info] [Git][getRemotes] No remotes found in the git config file
2026-08-16 16:26:58.303 [info] > git for-each-ref --format=%(refname)%00%(upstream:short)%00%(objectname)%00%(upstream:track)%00%(upstream:remotename)%00%(upstream:remoteref) refs/heads/master refs/remotes/master [10ms]
2026-08-16 16:26:58.303 [warning] [Git][getBranch] No such branch: master
2026-08-16 16:26:58.303 [error] [GitHistoryProvider][resolveHEADMergeBase] Failed to resolve merge base for master: Error: No such branch: master.
2026-08-16 16:26:58.303 [info] > git config --get commit.template [8ms]
2026-08-16 16:26:58.303 [info] > git for-each-ref --format=%(refname)%00%(upstream:short)%00%(objectname)%00%(upstream:track)%00%(upstream:remotename)%00%(upstream:remoteref) refs/heads/master refs/remotes/master [11ms]
2026-08-16 16:26:58.303 [warning] [Git][getBranch] No such branch: master
2026-08-16 16:26:58.303 [info] > git for-each-ref --sort -committerdate --format %(refname)%00%(objectname)%00%(*objectname) [11ms]
2026-08-16 16:26:58.303 [info] > git status -z -uall [117ms]
2026-08-16 16:26:58.789 [info] > git check-ignore -v -z --stdin [12ms]
2026-08-16 16:27:12.646 [info] [Git][getRemotes] No remotes found in the git config file
2026-08-16 16:27:12.654 [info] > git config --get commit.template [11ms]
2026-08-16 16:27:12.658 [info] > git for-each-ref --format=%(refname)%00%(upstream:short)%00%(objectname)%00%(upstream:track)%00%(upstream:remotename)%00%(upstream:remoteref) refs/heads/master refs/remotes/master [12ms]
2026-08-16 16:27:12.658 [warning] [Git][getBranch] No such branch: master
2026-08-16 16:27:12.674 [info] > git for-each-ref --sort -committerdate --format %(refname)%00%(objectname)%00%(*objectname) [13ms]
2026-08-16 16:27:12.797 [info] > git status -z -uall [137ms]
2026-08-16 16:27:18.618 [info] [Git][getRemotes] No remotes found in the git config file
2026-08-16 16:27:18.624 [info] > git config --get commit.template [8ms]
2026-08-16 16:27:18.630 [info] > git for-each-ref --format=%(refname)%00%(upstream:short)%00%(objectname)%00%(upstream:track)%00%(upstream:remotename)%00%(upstream:remoteref) refs/heads/master refs/remotes/master [12ms]
2026-08-16 16:27:18.630 [warning] [Git][getBranch] No such branch: master
2026-08-16 16:27:18.645 [info] > git for-each-ref --sort -committerdate --format %(refname)%00%(objectname)%00%(*objectname) [12ms]
2026-08-16 16:27:18.740 [info] > git status -z -uall [109ms]
2026-08-16 16:27:35.138 [info] [Git][getRemotes] No remotes found in the git config file
2026-08-16 16:27:35.144 [info] > git config --get commit.template [9ms]
2026-08-16 16:27:35.151 [info] > git for-each-ref --format=%(refname)%00%(upstream:short)%00%(objectname)%00%(upstream:track)%00%(upstream:remotename)%00%(upstream:remoteref) refs/heads/master refs/remotes/master [13ms]
2026-08-16 16:27:35.151 [warning] [Git][getBranch] No such branch: master
2026-08-16 16:27:35.167 [info] > git for-each-ref --sort -committerdate --format %(refname)%00%(objectname)%00%(*objectname) [13ms]
2026-08-16 16:27:35.264 [info] > git status -z -uall [112ms]
2026-08-16 16:27:40.272 [info] [Git][getRemotes] No remotes found in the git config file
2026-08-16 16:27:40.277 [info] > git config --get commit.template [8ms]
2026-08-16 16:27:40.284 [info] > git for-each-ref --format=%(refname)%00%(upstream:short)%00%(objectname)%00%(upstream:track)%00%(upstream:remotename)%00%(upstream:remoteref) refs/heads/master refs/remotes/master [12ms]
2026-08-16 16:27:40.284 [warning] [Git][getBranch] No such branch: master
2026-08-16 16:27:40.300 [info] > git for-each-ref --sort -committerdate --format %(refname)%00%(objectname)%00%(*objectname) [13ms]
2026-08-16 16:27:40.393 [info] > git status -z -uall [107ms]
2026-08-16 16:27:45.406 [info] [Git][getRemotes] No remotes found in the git config file
2026-08-16 16:27:45.411 [info] > git config --get commit.template [10ms]
2026-08-16 16:27:45.419 [info] > git for-each-ref --format=%(refname)%00%(upstream:short)%00%(objectname)%00%(upstream:track)%00%(upstream:remotename)%00%(upstream:remoteref) refs/heads/master refs/remotes/master [14ms]
2026-08-16 16:27:45.419 [warning] [Git][getBranch] No such branch: master
2026-08-16 16:27:45.436 [info] > git for-each-ref --sort -committerdate --format %(refname)%00%(objectname)%00%(*objectname) [13ms]
2026-08-16 16:27:45.529 [info] > git status -z -uall [107ms]
2026-08-16 16:27:50.537 [info] [Git][getRemotes] No remotes found in the git config file
2026-08-16 16:27:50.541 [info] > git config --get commit.template [8ms]
2026-08-16 16:27:50.548 [info] > git for-each-ref --format=%(refname)%00%(upstream:short)%00%(objectname)%00%(upstream:track)%00%(upstream:remotename)%00%(upstream:remoteref) refs/heads/master refs/remotes/master [12ms]
2026-08-16 16:27:50.548 [warning] [Git][getBranch] No such branch: master
2026-08-16 16:27:50.569 [info] > git for-each-ref --sort -committerdate --format %(refname)%00%(objectname)%00%(*objectname) [14ms]
2026-08-16 16:27:50.661 [info] > git status -z -uall [108ms]
2026-08-16 16:27:55.670 [info] [Git][getRemotes] No remotes found in the git config file
2026-08-16 16:27:55.675 [info] > git config --get commit.template [8ms]
2026-08-16 16:27:55.681 [info] > git for-each-ref --format=%(refname)%00%(upstream:short)%00%(objectname)%00%(upstream:track)%00%(upstream:remotename)%00%(upstream:remoteref) refs/heads/master refs/remotes/master [12ms]
2026-08-16 16:27:55.681 [warning] [Git][getBranch] No such branch: master
2026-08-16 16:27:55.700 [info] > git for-each-ref --sort -committerdate --format %(refname)%00%(objectname)%00%(*objectname) [12ms]
2026-08-16 16:27:55.895 [info] > git status -z -uall [209ms]
2026-08-16 16:28:00.904 [info] [Git][getRemotes] No remotes found in the git config file
2026-08-16 16:28:00.909 [info] > git config --get commit.template [8ms]
2026-08-16 16:28:00.916 [info] > git for-each-ref --format=%(refname)%00%(upstream:short)%00%(objectname)%00%(upstream:track)%00%(upstream:remotename)%00%(upstream:remoteref) refs/heads/master refs/remotes/master [12ms]
2026-08-16 16:28:00.916 [warning] [Git][getBranch] No such branch: master
2026-08-16 16:28:00.933 [info] > git for-each-ref --sort -committerdate --format %(refname)%00%(objectname)%00%(*objectname) [13ms]
2026-08-16 16:28:01.031 [info] > git status -z -uall [113ms]
2026-08-16 16:28:06.039 [info] [Git][getRemotes] No remotes found in the git config file
2026-08-16 16:28:06.045 [info] > git config --get commit.template [8ms]
2026-08-16 16:28:06.051 [info] > git for-each-ref --format=%(refname)%00%(upstream:short)%00%(objectname)%00%(upstream:track)%00%(upstream:remotename)%00%(upstream:remoteref) refs/heads/master refs/remotes/master [12ms]
2026-08-16 16:28:06.051 [warning] [Git][getBranch] No such branch: master
2026-08-16 16:28:06.066 [info] > git for-each-ref --sort -committerdate --format %(refname)%00%(objectname)%00%(*objectname) [12ms]
2026-08-16 16:28:06.160 [info] > git status -z -uall [108ms]
2026-08-16 16:28:11.168 [info] [Git][getRemotes] No remotes found in the git config file
2026-08-16 16:28:11.174 [info] > git config --get commit.template [8ms]
2026-08-16 16:28:11.180 [info] > git for-each-ref --format=%(refname)%00%(upstream:short)%00%(objectname)%00%(upstream:track)%00%(upstream:remotename)%00%(upstream:remoteref) refs/heads/master refs/remotes/master [12ms]
2026-08-16 16:28:11.180 [warning] [Git][getBranch] No such branch: master
2026-08-16 16:28:11.196 [info] > git for-each-ref --sort -committerdate --format %(refname)%00%(objectname)%00%(*objectname) [13ms]
2026-08-16 16:28:11.290 [info] > git status -z -uall [109ms]
2026-08-16 16:28:15.553 [info] [Git][getRemotes] No remotes found in the git config file
2026-08-16 16:28:15.558 [info] > git config --get commit.template [8ms]
2026-08-16 16:28:15.578 [info] > git for-each-ref --format=%(refname)%00%(upstream:short)%00%(objectname)%00%(upstream:track)%00%(upstream:remotename)%00%(upstream:remoteref) refs/heads/master refs/remotes/master [25ms]
2026-08-16 16:28:15.601 [info] > git for-each-ref --sort -committerdate --format %(refname)%00%(objectname)%00%(*objectname) [20ms]
2026-08-16 16:28:15.696 [info] > git status -z -uall [116ms]
2026-08-16 16:28:16.297 [info] [Git][getRemotes] No remotes found in the git config file
2026-08-16 16:28:16.305 [info] > git config --get commit.template [9ms]
2026-08-16 16:28:16.324 [info] > git for-each-ref --format=%(refname)%00%(upstream:short)%00%(objectname)%00%(upstream:track)%00%(upstream:remotename)%00%(upstream:remoteref) refs/heads/master refs/remotes/master [24ms]
2026-08-16 16:28:16.349 [info] > git for-each-ref --sort -committerdate --format %(refname)%00%(objectname)%00%(*objectname) [23ms]
2026-08-16 16:28:16.445 [info] > git status -z -uall [120ms]
2026-08-16 16:28:21.451 [info] [Git][getRemotes] No remotes found in the git config file
2026-08-16 16:28:21.457 [info] > git config --get commit.template [8ms]
2026-08-16 16:28:21.475 [info] > git for-each-ref --format=%(refname)%00%(upstream:short)%00%(objectname)%00%(upstream:track)%00%(upstream:remotename)%00%(upstream:remoteref) refs/heads/master refs/remotes/master [24ms]
2026-08-16 16:28:21.494 [info] > git for-each-ref --sort -committerdate --format %(refname)%00%(objectname)%00%(*objectname) [16ms]
2026-08-16 16:28:21.591 [info] > git status -z -uall [114ms]
2026-08-16 16:28:26.598 [info] [Git][getRemotes] No remotes found in the git config file
2026-08-16 16:28:26.604 [info] > git config --get commit.template [9ms]
2026-08-16 16:28:26.622 [info] > git for-each-ref --format=%(refname)%00%(upstream:short)%00%(objectname)%00%(upstream:track)%00%(upstream:remotename)%00%(upstream:remoteref) refs/heads/master refs/remotes/master [24ms]
2026-08-16 16:28:26.645 [info] > git for-each-ref --sort -committerdate --format %(refname)%00%(objectname)%00%(*objectname) [20ms]
2026-08-16 16:28:26.747 [info] > git status -z -uall [124ms]
2026-08-16 16:28:31.753 [info] [Git][getRemotes] No remotes found in the git config file
2026-08-16 16:28:31.758 [info] > git config --get commit.template [7ms]
2026-08-16 16:28:31.777 [info] > git for-each-ref --format=%(refname)%00%(upstream:short)%00%(objectname)%00%(upstream:track)%00%(upstream:remotename)%00%(upstream:remoteref) refs/heads/master refs/remotes/master [24ms]
2026-08-16 16:28:31.796 [info] > git for-each-ref --sort -committerdate --format %(refname)%00%(objectname)%00%(*objectname) [16ms]
2026-08-16 16:28:31.890 [info] > git status -z -uall [112ms]
2026-08-16 16:28:36.897 [info] [Git][getRemotes] No remotes found in the git config file
2026-08-16 16:28:36.902 [info] > git config --get commit.template [8ms]
2026-08-16 16:28:36.921 [info] > git for-each-ref --format=%(refname)%00%(upstream:short)%00%(objectname)%00%(upstream:track)%00%(upstream:remotename)%00%(upstream:remoteref) refs/heads/master refs/remotes/master [25ms]
2026-08-16 16:28:36.941 [info] > git for-each-ref --sort -committerdate --format %(refname)%00%(objectname)%00%(*objectname) [17ms]
2026-08-16 16:28:37.037 [info] > git status -z -uall [114ms]
2026-08-16 16:28:42.045 [info] [Git][getRemotes] No remotes found in the git config file
2026-08-16 16:28:42.050 [info] > git config --get commit.template [8ms]
2026-08-16 16:28:42.068 [info] > git for-each-ref --format=%(refname)%00%(upstream:short)%00%(objectname)%00%(upstream:track)%00%(upstream:remotename)%00%(upstream:remoteref) refs/heads/master refs/remotes/master [23ms]
2026-08-16 16:28:42.088 [info] > git for-each-ref --sort -committerdate --format %(refname)%00%(objectname)%00%(*objectname) [17ms]
2026-08-16 16:28:42.184 [info] > git status -z -uall [115ms]
2026-08-16 16:28:47.188 [info] [Git][getRemotes] No remotes found in the git config file
2026-08-16 16:28:47.195 [info] > git config --get commit.template [8ms]
2026-08-16 16:28:47.214 [info] > git for-each-ref --format=%(refname)%00%(upstream:short)%00%(objectname)%00%(upstream:track)%00%(upstream:remotename)%00%(upstream:remoteref) refs/heads/master refs/remotes/master [24ms]
2026-08-16 16:28:47.236 [info] > git for-each-ref --sort -committerdate --format %(refname)%00%(objectname)%00%(*objectname) [19ms]
2026-08-16 16:28:47.334 [info] > git status -z -uall [119ms]
2026-08-16 16:28:53.371 [info] [Git][getRemotes] No remotes found in the git config file
2026-08-16 16:28:53.378 [info] > git config --get commit.template [9ms]
2026-08-16 16:28:53.397 [info] > git for-each-ref --format=%(refname)%00%(upstream:short)%00%(objectname)%00%(upstream:track)%00%(upstream:remotename)%00%(upstream:remoteref) refs/heads/master refs/remotes/master [26ms]
2026-08-16 16:28:53.420 [info] > git for-each-ref --sort -committerdate --format %(refname)%00%(objectname)%00%(*objectname) [20ms]
2026-08-16 16:28:53.520 [info] > git status -z -uall [121ms]
2026-08-16 16:28:58.526 [info] [Git][getRemotes] No remotes found in the git config file
2026-08-16 16:28:58.532 [info] > git config --get commit.template [8ms]
2026-08-16 16:28:58.548 [info] > git for-each-ref --format=%(refname)%00%(upstream:short)%00%(objectname)%00%(upstream:track)%00%(upstream:remotename)%00%(upstream:remoteref) refs/heads/master refs/remotes/master [22ms]
2026-08-16 16:28:58.567 [info] > git for-each-ref --sort -committerdate --format %(refname)%00%(objectname)%00%(*objectname) [16ms]
2026-08-16 16:28:58.683 [info] > git status -z -uall [134ms]
2026-08-16 16:29:03.688 [info] [Git][getRemotes] No remotes found in the git config file
2026-08-16 16:29:03.695 [info] > git config --get commit.template [8ms]
2026-08-16 16:29:03.714 [info] > git for-each-ref --format=%(refname)%00%(upstream:short)%00%(objectname)%00%(upstream:track)%00%(upstream:remotename)%00%(upstream:remoteref) refs/heads/master refs/remotes/master [24ms]
2026-08-16 16:29:03.735 [info] > git for-each-ref --sort -committerdate --format %(refname)%00%(objectname)%00%(*objectname) [18ms]
2026-08-16 16:29:03.834 [info] > git status -z -uall [118ms]
2026-08-16 16:29:08.841 [info] [Git][getRemotes] No remotes found in the git config file
2026-08-16 16:29:08.846 [info] > git config --get commit.template [8ms]
2026-08-16 16:29:08.864 [info] > git for-each-ref --format=%(refname)%00%(upstream:short)%00%(objectname)%00%(upstream:track)%00%(upstream:remotename)%00%(upstream:remoteref) refs/heads/master refs/remotes/master [23ms]
2026-08-16 16:29:08.883 [info] > git for-each-ref --sort -committerdate --format %(refname)%00%(objectname)%00%(*objectname) [16ms]
2026-08-16 16:29:08.976 [info] > git status -z -uall [111ms]
2026-08-16 16:29:13.983 [info] [Git][getRemotes] No remotes found in the git config file
2026-08-16 16:29:13.989 [info] > git config --get commit.template [8ms]
2026-08-16 16:29:14.006 [info] > git for-each-ref --format=%(refname)%00%(upstream:short)%00%(objectname)%00%(upstream:track)%00%(upstream:remotename)%00%(upstream:remoteref) refs/heads/master refs/remotes/master [23ms]
2026-08-16 16:29:14.028 [info] > git for-each-ref --sort -committerdate --format %(refname)%00%(objectname)%00%(*objectname) [18ms]
2026-08-16 16:29:14.122 [info] > git status -z -uall [114ms]
2026-08-16 16:29:19.129 [info] [Git][getRemotes] No remotes found in the git config file
2026-08-16 16:29:19.135 [info] > git config --get commit.template [8ms]
2026-08-16 16:29:19.152 [info] > git for-each-ref --format=%(refname)%00%(upstream:short)%00%(objectname)%00%(upstream:track)%00%(upstream:remotename)%00%(upstream:remoteref) refs/heads/master refs/remotes/master [23ms]
2026-08-16 16:29:19.173 [info] > git for-each-ref --sort -committerdate --format %(refname)%00%(objectname)%00%(*objectname) [18ms]
2026-08-16 16:29:19.364 [info] > git status -z -uall [211ms]
2026-08-16 16:29:24.369 [info] [Git][getRemotes] No remotes found in the git config file
2026-08-16 16:29:24.377 [info] > git config --get commit.template [9ms]
2026-08-16 16:29:24.396 [info] > git for-each-ref --format=%(refname)%00%(upstream:short)%00%(objectname)%00%(upstream:track)%00%(upstream:remotename)%00%(upstream:remoteref) refs/heads/master refs/remotes/master [25ms]
2026-08-16 16:29:24.417 [info] > git for-each-ref --sort -committerdate --format %(refname)%00%(objectname)%00%(*objectname) [18ms]
2026-08-16 16:29:24.514 [info] > git status -z -uall [117ms]
2026-08-16 16:29:29.521 [info] [Git][getRemotes] No remotes found in the git config file
2026-08-16 16:29:29.528 [info] > git config --get commit.template [8ms]
2026-08-16 16:29:29.544 [info] > git for-each-ref --format=%(refname)%00%(upstream:short)%00%(objectname)%00%(upstream:track)%00%(upstream:remotename)%00%(upstream:remoteref) refs/heads/master refs/remotes/master [23ms]
2026-08-16 16:29:29.563 [info] > git for-each-ref --sort -committerdate --format %(refname)%00%(objectname)%00%(*objectname) [16ms]
2026-08-16 16:29:29.655 [info] > git status -z -uall [110ms]
2026-08-16 16:29:34.661 [info] [Git][getRemotes] No remotes found in the git config file
2026-08-16 16:29:34.668 [info] > git config --get commit.template [8ms]
2026-08-16 16:29:34.687 [info] > git for-each-ref --format=%(refname)%00%(upstream:short)%00%(objectname)%00%(upstream:track)%00%(upstream:remotename)%00%(upstream:remoteref) refs/heads/master refs/remotes/master [25ms]
2026-08-16 16:29:34.708 [info] > git for-each-ref --sort -committerdate --format %(refname)%00%(objectname)%00%(*objectname) [18ms]
2026-08-16 16:29:34.804 [info] > git status -z -uall [116ms]
2026-08-16 16:29:39.811 [info] [Git][getRemotes] No remotes found in the git config file
2026-08-16 16:29:39.817 [info] > git config --get commit.template [9ms]
2026-08-16 16:29:39.835 [info] > git for-each-ref --format=%(refname)%00%(upstream:short)%00%(objectname)%00%(upstream:track)%00%(upstream:remotename)%00%(upstream:remoteref) refs/heads/master refs/remotes/master [24ms]
2026-08-16 16:29:39.855 [info] > git for-each-ref --sort -committerdate --format %(refname)%00%(objectname)%00%(*objectname) [17ms]
2026-08-16 16:29:39.949 [info] > git status -z -uall [112ms]
2026-08-16 16:29:44.955 [info] [Git][getRemotes] No remotes found in the git config file
2026-08-16 16:29:44.961 [info] > git config --get commit.template [8ms]
2026-08-16 16:29:44.979 [info] > git for-each-ref --format=%(refname)%00%(upstream:short)%00%(objectname)%00%(upstream:track)%00%(upstream:remotename)%00%(upstream:remoteref) refs/heads/master refs/remotes/master [24ms]
2026-08-16 16:29:45.000 [info] > git for-each-ref --sort -committerdate --format %(refname)%00%(objectname)%00%(*objectname) [18ms]
2026-08-16 16:29:45.097 [info] > git status -z -uall [117ms]
2026-08-16 16:29:50.104 [info] [Git][getRemotes] No remotes found in the git config file
2026-08-16 16:29:50.109 [info] > git config --get commit.template [8ms]
2026-08-16 16:29:50.126 [info] > git for-each-ref --format=%(refname)%00%(upstream:short)%00%(objectname)%00%(upstream:track)%00%(upstream:remotename)%00%(upstream:remoteref) refs/heads/master refs/remotes/master [22ms]
2026-08-16 16:29:50.146 [info] > git for-each-ref --sort -committerdate --format %(refname)%00%(objectname)%00%(*objectname) [17ms]
2026-08-16 16:29:50.238 [info] > git status -z -uall [110ms]
2026-08-16 16:29:55.244 [info] [Git][getRemotes] No remotes found in the git config file
2026-08-16 16:29:55.250 [info] > git config --get commit.template [8ms]
2026-08-16 16:29:55.268 [info] > git for-each-ref --format=%(refname)%00%(upstream:short)%00%(objectname)%00%(upstream:track)%00%(upstream:remotename)%00%(upstream:remoteref) refs/heads/master refs/remotes/master [24ms]
2026-08-16 16:29:55.289 [info] > git for-each-ref --sort -committerdate --format %(refname)%00%(objectname)%00%(*objectname) [17ms]
2026-08-16 16:29:55.383 [info] > git status -z -uall [113ms]
2026-08-16 16:30:00.397 [info] > git config --get commit.template [9ms]
2026-08-16 16:30:00.413 [info] > git for-each-ref --format=%(refname)%00%(upstream:short)%00%(objectname)%00%(upstream:track)%00%(upstream:remotename)%00%(upstream:remoteref) refs/heads/master refs/remotes/master [23ms]
2026-08-16 16:30:00.432 [info] > git for-each-ref --sort -committerdate --format %(refname)%00%(objectname)%00%(*objectname) [16ms]
2026-08-16 16:30:00.549 [info] > git status -z -uall [135ms]
2026-08-16 16:30:05.560 [info] > git config --get commit.template [7ms]
2026-08-16 16:30:05.579 [info] > git for-each-ref --format=%(refname)%00%(upstream:short)%00%(objectname)%00%(upstream:track)%00%(upstream:remotename)%00%(upstream:remoteref) refs/heads/master refs/remotes/master [24ms]
2026-08-16 16:30:05.601 [info] > git for-each-ref --sort -committerdate --format %(refname)%00%(objectname)%00%(*objectname) [19ms]
2026-08-16 16:30:05.697 [info] > git status -z -uall [117ms]
2026-08-16 16:30:10.709 [info] > git config --get commit.template [8ms]
2026-08-16 16:30:10.728 [info] > git for-each-ref --format=%(refname)%00%(upstream:short)%00%(objectname)%00%(upstream:track)%00%(upstream:remotename)%00%(upstream:remoteref) refs/heads/master refs/remotes/master [24ms]
2026-08-16 16:30:10.751 [info] > git for-each-ref --sort -committerdate --format %(refname)%00%(objectname)%00%(*objectname) [20ms]
2026-08-16 16:30:10.842 [info] > git status -z -uall [113ms]
2026-08-16 16:30:15.855 [info] > git config --get commit.template [9ms]
2026-08-16 16:30:15.872 [info] > git for-each-ref --format=%(refname)%00%(upstream:short)%00%(objectname)%00%(upstream:track)%00%(upstream:remotename)%00%(upstream:remoteref) refs/heads/master refs/remotes/master [23ms]
2026-08-16 16:30:15.893 [info] > git for-each-ref --sort -committerdate --format %(refname)%00%(objectname)%00%(*objectname) [18ms]
2026-08-16 16:30:15.988 [info] > git status -z -uall [114ms]
2026-08-16 16:30:21.001 [info] > git config --get commit.template [9ms]
2026-08-16 16:30:21.017 [info] > git for-each-ref --format=%(refname)%00%(upstream:short)%00%(objectname)%00%(upstream:track)%00%(upstream:remotename)%00%(upstream:remoteref) refs/heads/master refs/remotes/master [22ms]
2026-08-16 16:30:21.038 [info] > git for-each-ref --sort -committerdate --format %(refname)%00%(objectname)%00%(*objectname) [17ms]
2026-08-16 16:30:21.220 [info] > git status -z -uall [201ms]
2026-08-16 16:30:26.232 [info] > git config --get commit.template [8ms]
2026-08-16 16:30:26.250 [info] > git for-each-ref --format=%(refname)%00%(upstream:short)%00%(objectname)%00%(upstream:track)%00%(upstream:remotename)%00%(upstream:remoteref) refs/heads/master refs/remotes/master [24ms]
2026-08-16 16:30:26.272 [info] > git for-each-ref --sort -committerdate --format %(refname)%00%(objectname)%00%(*objectname) [19ms]
2026-08-16 16:30:26.368 [info] > git status -z -uall [117ms]
2026-08-16 16:30:31.381 [info] > git config --get commit.template [8ms]
2026-08-16 16:30:31.401 [info] > git for-each-ref --format=%(refname)%00%(upstream:short)%00%(objectname)%00%(upstream:track)%00%(upstream:remotename)%00%(upstream:remoteref) refs/heads/master refs/remotes/master [24ms]
2026-08-16 16:30:31.422 [info] > git for-each-ref --sort -committerdate --format %(refname)%00%(objectname)%00%(*objectname) [18ms]
2026-08-16 16:30:31.521 [info] > git status -z -uall [119ms]
2026-08-16 16:30:36.533 [info] > git config --get commit.template [8ms]
2026-08-16 16:30:36.551 [info] > git for-each-ref --format=%(refname)%00%(upstream:short)%00%(objectname)%00%(upstream:track)%00%(upstream:remotename)%00%(upstream:remoteref) refs/heads/master refs/remotes/master [23ms]
2026-08-16 16:30:36.570 [info] > git for-each-ref --sort -committerdate --format %(refname)%00%(objectname)%00%(*objectname) [16ms]
2026-08-16 16:30:36.664 [info] > git status -z -uall [112ms]
2026-08-16 16:30:41.675 [info] > git config --get commit.template [8ms]
2026-08-16 16:30:41.694 [info] > git for-each-ref --format=%(refname)%00%(upstream:short)%00%(objectname)%00%(upstream:track)%00%(upstream:remotename)%00%(upstream:remoteref) refs/heads/master refs/remotes/master [25ms]
2026-08-16 16:30:41.714 [info] > git for-each-ref --sort -committerdate --format %(refname)%00%(objectname)%00%(*objectname) [17ms]
2026-08-16 16:30:41.807 [info] > git status -z -uall [112ms]
2026-08-16 16:30:46.819 [info] > git config --get commit.template [9ms]
2026-08-16 16:30:46.834 [info] > git for-each-ref --format=%(refname)%00%(upstream:short)%00%(objectname)%00%(upstream:track)%00%(upstream:remotename)%00%(upstream:remoteref) refs/heads/master refs/remotes/master [22ms]
2026-08-16 16:30:46.855 [info] > git for-each-ref --sort -committerdate --format %(refname)%00%(objectname)%00%(*objectname) [17ms]
2026-08-16 16:30:46.950 [info] > git status -z -uall [114ms]
2026-08-16 16:30:51.962 [info] > git config --get commit.template [8ms]
2026-08-16 16:30:51.979 [info] > git for-each-ref --format=%(refname)%00%(upstream:short)%00%(objectname)%00%(upstream:track)%00%(upstream:remotename)%00%(upstream:remoteref) refs/heads/master refs/remotes/master [22ms]
2026-08-16 16:30:51.999 [info] > git for-each-ref --sort -committerdate --format %(refname)%00%(objectname)%00%(*objectname) [17ms]
2026-08-16 16:30:52.095 [info] > git status -z -uall [114ms]
2026-08-16 16:30:57.106 [info] > git config --get commit.template [8ms]
2026-08-16 16:30:57.124 [info] > git for-each-ref --format=%(refname)%00%(upstream:short)%00%(objectname)%00%(upstream:track)%00%(upstream:remotename)%00%(upstream:remoteref) refs/heads/master refs/remotes/master [23ms]
2026-08-16 16:30:57.144 [info] > git for-each-ref --sort -committerdate --format %(refname)%00%(objectname)%00%(*objectname) [17ms]
2026-08-16 16:30:57.238 [info] > git status -z -uall [112ms]
2026-08-16 16:31:02.253 [info] > git config --get commit.template [7ms]
2026-08-16 16:31:02.271 [info] > git for-each-ref --format=%(refname)%00%(upstream:short)%00%(objectname)%00%(upstream:track)%00%(upstream:remotename)%00%(upstream:remoteref) refs/heads/master refs/remotes/master [23ms]
2026-08-16 16:31:02.291 [info] > git for-each-ref --sort -committerdate --format %(refname)%00%(objectname)%00%(*objectname) [17ms]
2026-08-16 16:31:02.408 [info] > git status -z -uall [136ms]
2026-08-16 16:31:07.420 [info] > git config --get commit.template [7ms]
2026-08-16 16:31:07.437 [info] > git for-each-ref --format=%(refname)%00%(upstream:short)%00%(objectname)%00%(upstream:track)%00%(upstream:remotename)%00%(upstream:remoteref) refs/heads/master refs/remotes/master [22ms]
2026-08-16 16:31:07.457 [info] > git for-each-ref --sort -committerdate --format %(refname)%00%(objectname)%00%(*objectname) [17ms]
2026-08-16 16:31:07.551 [info] > git status -z -uall [112ms]
2026-08-16 16:31:12.562 [info] > git config --get commit.template [7ms]
2026-08-16 16:31:12.580 [info] > git for-each-ref --format=%(refname)%00%(upstream:short)%00%(objectname)%00%(upstream:track)%00%(upstream:remotename)%00%(upstream:remoteref) refs/heads/master refs/remotes/master [23ms]
2026-08-16 16:31:12.600 [info] > git for-each-ref --sort -committerdate --format %(refname)%00%(objectname)%00%(*objectname) [17ms]
2026-08-16 16:31:12.700 [info] > git status -z -uall [118ms]
2026-08-16 16:31:17.713 [info] > git config --get commit.template [8ms]
2026-08-16 16:31:17.729 [info] > git for-each-ref --format=%(refname)%00%(upstream:short)%00%(objectname)%00%(upstream:track)%00%(upstream:remotename)%00%(upstream:remoteref) refs/heads/master refs/remotes/master [22ms]
2026-08-16 16:31:17.750 [info] > git for-each-ref --sort -committerdate --format %(refname)%00%(objectname)%00%(*objectname) [17ms]
2026-08-16 16:31:17.848 [info] > git status -z -uall [117ms]
2026-08-16 16:31:22.860 [info] > git config --get commit.template [7ms]
2026-08-16 16:31:22.877 [info] > git for-each-ref --format=%(refname)%00%(upstream:short)%00%(objectname)%00%(upstream:track)%00%(upstream:remotename)%00%(upstream:remoteref) refs/heads/master refs/remotes/master [23ms]
2026-08-16 16:31:22.899 [info] > git for-each-ref --sort -committerdate --format %(refname)%00%(objectname)%00%(*objectname) [19ms]
2026-08-16 16:31:23.084 [info] > git status -z -uall [205ms]
2026-08-16 16:31:28.096 [info] > git config --get commit.template [7ms]
2026-08-16 16:31:28.113 [info] > git for-each-ref --format=%(refname)%00%(upstream:short)%00%(objectname)%00%(upstream:track)%00%(upstream:remotename)%00%(upstream:remoteref) refs/heads/master refs/remotes/master [23ms]
2026-08-16 16:31:28.133 [info] > git for-each-ref --sort -committerdate --format %(refname)%00%(objectname)%00%(*objectname) [17ms]
2026-08-16 16:31:28.228 [info] > git status -z -uall [114ms]
2026-08-16 16:32:28.980 [info] > git config --get commit.template [13ms]
2026-08-16 16:32:28.998 [info] > git for-each-ref --format=%(refname)%00%(upstream:short)%00%(objectname)%00%(upstream:track)%00%(upstream:remotename)%00%(upstream:remoteref) refs/heads/master refs/remotes/master [29ms]
2026-08-16 16:32:29.027 [info] > git for-each-ref --sort -committerdate --format %(refname)%00%(objectname)%00%(*objectname) [24ms]
2026-08-16 16:32:29.311 [info] > git status -z -uall [309ms]
2026-08-16 16:32:34.323 [info] > git config --get commit.template [8ms]
2026-08-16 16:32:34.343 [info] > git for-each-ref --format=%(refname)%00%(upstream:short)%00%(objectname)%00%(upstream:track)%00%(upstream:remotename)%00%(upstream:remoteref) refs/heads/master refs/remotes/master [26ms]
2026-08-16 16:32:34.363 [info] > git for-each-ref --sort -committerdate --format %(refname)%00%(objectname)%00%(*objectname) [16ms]
2026-08-16 16:32:34.471 [info] > git status -z -uall [126ms]
2026-08-16 16:32:39.485 [info] > git config --get commit.template [9ms]
2026-08-16 16:32:39.502 [info] > git for-each-ref --format=%(refname)%00%(upstream:short)%00%(objectname)%00%(upstream:track)%00%(upstream:remotename)%00%(upstream:remoteref) refs/heads/master refs/remotes/master [23ms]
2026-08-16 16:32:39.524 [info] > git for-each-ref --sort -committerdate --format %(refname)%00%(objectname)%00%(*objectname) [18ms]
2026-08-16 16:32:39.635 [info] > git status -z -uall [131ms]
2026-08-16 16:32:44.663 [info] > git config --get commit.template [16ms]
2026-08-16 16:32:44.688 [info] > git for-each-ref --format=%(refname)%00%(upstream:short)%00%(objectname)%00%(upstream:track)%00%(upstream:remotename)%00%(upstream:remoteref) refs/heads/master refs/remotes/master [38ms]
2026-08-16 16:32:44.711 [info] > git for-each-ref --sort -committerdate --format %(refname)%00%(objectname)%00%(*objectname) [19ms]
2026-08-16 16:32:44.816 [info] > git status -z -uall [125ms]
2026-08-16 16:32:49.828 [info] > git config --get commit.template [9ms]
2026-08-16 16:32:49.845 [info] > git for-each-ref --format=%(refname)%00%(upstream:short)%00%(objectname)%00%(upstream:track)%00%(upstream:remotename)%00%(upstream:remoteref) refs/heads/master refs/remotes/master [23ms]
2026-08-16 16:32:49.869 [info] > git for-each-ref --sort -committerdate --format %(refname)%00%(objectname)%00%(*objectname) [20ms]
2026-08-16 16:32:49.965 [info] > git status -z -uall [118ms]
2026-08-16 16:32:54.978 [info] > git config --get commit.template [8ms]
2026-08-16 16:32:54.998 [info] > git for-each-ref --format=%(refname)%00%(upstream:short)%00%(objectname)%00%(upstream:track)%00%(upstream:remotename)%00%(upstream:remoteref) refs/heads/master refs/remotes/master [27ms]
2026-08-16 16:32:55.021 [info] > git for-each-ref --sort -committerdate --format %(refname)%00%(objectname)%00%(*objectname) [20ms]
2026-08-16 16:32:55.131 [info] > git status -z -uall [131ms]
2026-08-16 16:33:00.143 [info] > git config --get commit.template [8ms]
2026-08-16 16:33:00.163 [info] > git for-each-ref --format=%(refname)%00%(upstream:short)%00%(objectname)%00%(upstream:track)%00%(upstream:remotename)%00%(upstream:remoteref) refs/heads/master refs/remotes/master [25ms]
2026-08-16 16:33:00.187 [info] > git for-each-ref --sort -committerdate --format %(refname)%00%(objectname)%00%(*objectname) [20ms]
2026-08-16 16:33:00.287 [info] > git status -z -uall [121ms]
2026-08-16 16:33:57.615 [info] > git config --get commit.template [10ms]
2026-08-16 16:33:57.634 [info] > git for-each-ref --format=%(refname)%00%(upstream:short)%00%(objectname)%00%(upstream:track)%00%(upstream:remotename)%00%(upstream:remoteref) refs/heads/master refs/remotes/master [26ms]
2026-08-16 16:33:57.657 [info] > git for-each-ref --sort -committerdate --format %(refname)%00%(objectname)%00%(*objectname) [20ms]
2026-08-16 16:33:57.875 [info] > git status -z -uall [240ms]
2026-08-16 16:34:02.888 [info] > git config --get commit.template [8ms]
2026-08-16 16:34:02.905 [info] > git for-each-ref --format=%(refname)%00%(upstream:short)%00%(objectname)%00%(upstream:track)%00%(upstream:remotename)%00%(upstream:remoteref) refs/heads/master refs/remotes/master [23ms]
2026-08-16 16:34:02.925 [info] > git for-each-ref --sort -committerdate --format %(refname)%00%(objectname)%00%(*objectname) [17ms]
2026-08-16 16:34:03.025 [info] > git status -z -uall [119ms]
2026-08-16 16:34:12.174 [info] > git config --get commit.template [8ms]
2026-08-16 16:34:12.192 [info] > git for-each-ref --format=%(refname)%00%(upstream:short)%00%(objectname)%00%(upstream:track)%00%(upstream:remotename)%00%(upstream:remoteref) refs/heads/master refs/remotes/master [23ms]
2026-08-16 16:34:12.215 [info] > git for-each-ref --sort -committerdate --format %(refname)%00%(objectname)%00%(*objectname) [20ms]
2026-08-16 16:34:12.312 [info] > git status -z -uall [119ms]
