2026-08-22 16:11:07.858 [info] Telemetry level is off
2026-08-22 16:11:07.858 [info] Experiments are disabled, only manually opted experiments are active.
2026-08-22 16:11:07.858 [warning] Dir "/voc/work/.pixi/envs" is not watchable (directory does not exist)
2026-08-22 16:11:07.933 [info] Starting Environment refresh
2026-08-22 16:11:07.977 [info] Skipping ActivatedEnv Detection:  process.env.VSCODE_CLI !== '1'
2026-08-22 16:11:07.983 [info] > hatch env show --json
2026-08-22 16:11:07.983 [info] cwd: .
2026-08-22 16:11:07.994 [info] > conda info --json
2026-08-22 16:11:07.997 [info] Python interpreter path: /bin/python
2026-08-22 16:11:08.064 [info] > /bin/python -I /usr/local/lib/code-server-4.103.2/lib/vscode/extensions/ms-python.python-2025.12.0/python_files/get_output_via_markers.py /usr/local/lib/code-server-4.103.2/lib/vscode/extensions/ms-python.python-2025.12.0/python_files/interpreterInfo.py
2026-08-22 16:11:08.093 [info] Environments refresh paths discovered: 160 milliseconds
2026-08-22 16:11:08.097 [info] Environments refresh finished (event): 165 milliseconds
2026-08-22 16:11:08.100 [info] Environment refresh took 169 milliseconds
2026-08-22 16:11:08.320 [info] > pyenv which python
2026-08-22 16:11:08.320 [info] cwd: .
2026-08-22 16:11:09.225 [info] Starting Jedi language server for work.
2026-08-22 16:11:13.176 [info] Discover tests for workspace name: work - uri: /voc/work/W2_Practice_Assignment_Solution_Activity/pipeline_solution.py
2026-08-22 16:11:20.617 [info] Discover tests for workspace name: work - uri: /voc/work/W2_Practice_Assignment_Solution_Activity/pipeline_solution.py
2026-08-22 16:12:34.555 [info] Discover tests for workspace name: work - uri: /voc/work/AI-RAG_W2_logging_config.py
2026-08-22 16:12:40.137 [info] Discover tests for workspace name: work - uri: /voc/work/AI-RAG_W2_pipeline_reference.py
2026-08-22 16:12:57.654 [info] Discover tests for workspace name: work - uri: /voc/work/AI-RAG_W2_query_results.py
2026-08-22 16:13:07.422 [info] Discover tests for workspace name: work - uri: /voc/work/AI-RAG_W2_settings.py
2026-08-22 16:13:10.837 [info] Discover tests for workspace name: work - uri: /voc/work/AI-RAG_W2_store.py
2026-08-22 16:13:18.308 [info] Discover tests for workspace name: work - uri: /voc/work/fake_llm.py
2026-08-22 16:13:22.454 [info] Discover tests for workspace name: work - uri: /voc/work/pipeline_starter.py
2026-08-22 16:13:29.450 [info] Discover tests for workspace name: work - uri: /voc/work/pydantic_demo.py
