2026-08-16 15:07:57.363 [info] Telemetry level is off
2026-08-16 15:07:57.363 [info] Experiments are disabled, only manually opted experiments are active.
2026-08-16 15:07:57.363 [warning] Dir "/voc/work/.pixi/envs" is not watchable (directory does not exist)
2026-08-16 15:07:57.363 [info] Starting Environment refresh
2026-08-16 15:07:57.363 [info] Searching for interpreters in posix paths locator
2026-08-16 15:07:57.363 [info] Searching for pyenv environments
2026-08-16 15:07:57.363 [info] Searching for conda environments
2026-08-16 15:07:57.363 [info] Searching for global virtual environments
2026-08-16 15:07:57.363 [info] Searching for custom virtual environments
2026-08-16 15:07:57.366 [info] Skipping ActivatedEnv Detection:  process.env.VSCODE_CLI !== '1'
2026-08-16 15:07:57.366 [info] Skipping ActivatedEnv Detection:  process.env.VSCODE_CLI !== '1'
2026-08-16 15:07:57.366 [info] pyenv is not installed
2026-08-16 15:07:57.366 [info] Finished searching for pyenv environments: 9 milliseconds
2026-08-16 15:07:57.366 [info] Finished searching for custom virtual envs: 9 milliseconds
2026-08-16 15:07:57.366 [info] > conda info --json
2026-08-16 15:07:57.366 [info] > hatch env show --json
2026-08-16 15:07:57.366 [info] cwd: .
2026-08-16 15:07:57.366 [info] > pyenv which python
2026-08-16 15:07:57.366 [info] cwd: .
2026-08-16 15:07:57.366 [info] Finished searching for global virtual envs: 47 milliseconds
2026-08-16 15:07:57.366 [info] Found: /bin/python --> /bin/python3.10
2026-08-16 15:07:57.366 [info] Found: /bin/python3 --> /bin/python3.10
2026-08-16 15:07:57.366 [info] Found: /bin/python3.10 --> /bin/python3.10
2026-08-16 15:07:57.366 [info] Found: /bin/python3.8 --> /bin/python3.8
2026-08-16 15:07:57.374 [info] Found: /usr/bin/python --> /usr/bin/python3.10
2026-08-16 15:07:57.374 [info] Found: /usr/bin/python3 --> /usr/bin/python3.10
2026-08-16 15:07:57.378 [info] Found: /usr/bin/python3.10 --> /usr/bin/python3.10
2026-08-16 15:07:57.378 [info] Found: /usr/bin/python3.8 --> /usr/bin/python3.8
2026-08-16 15:07:57.396 [info] > /bin/python -I /usr/local/lib/code-server-4.103.2/lib/vscode/extensions/ms-python.python-2025.12.0/python_files/get_output_via_markers.py /usr/local/lib/code-server-4.103.2/lib/vscode/extensions/ms-python.python-2025.12.0/python_files/interpreterInfo.py
2026-08-16 15:07:57.403 [info] > /bin/python3.8 -I /usr/local/lib/code-server-4.103.2/lib/vscode/extensions/ms-python.python-2025.12.0/python_files/get_output_via_markers.py /usr/local/lib/code-server-4.103.2/lib/vscode/extensions/ms-python.python-2025.12.0/python_files/interpreterInfo.py
2026-08-16 15:07:57.409 [info] Finished searching for interpreters in posix paths locator: 107 milliseconds
2026-08-16 15:07:57.418 [info] Environments refresh paths discovered (event): 116 milliseconds
2026-08-16 15:07:57.419 [info] Environments refresh paths discovered: 116 milliseconds
2026-08-16 15:07:57.427 [info] > /usr/bin/python -I /usr/local/lib/code-server-4.103.2/lib/vscode/extensions/ms-python.python-2025.12.0/python_files/get_output_via_markers.py /usr/local/lib/code-server-4.103.2/lib/vscode/extensions/ms-python.python-2025.12.0/python_files/interpreterInfo.py
2026-08-16 15:07:57.433 [info] > /usr/bin/python3.8 -I /usr/local/lib/code-server-4.103.2/lib/vscode/extensions/ms-python.python-2025.12.0/python_files/get_output_via_markers.py /usr/local/lib/code-server-4.103.2/lib/vscode/extensions/ms-python.python-2025.12.0/python_files/interpreterInfo.py
2026-08-16 15:07:57.453 [info] Environments refresh finished (event): 151 milliseconds
2026-08-16 15:07:57.459 [info] Environment refresh took 157 milliseconds
2026-08-16 15:07:57.464 [info] Running installed packages checker:  {
  id: '/bin/python',
  sysPrefix: '/usr',
  envType: 'Global',
  envName: '',
  envPath: '',
  path: '/bin/python',
  architecture: 3,
  sysVersion: '3.10.14 (main, Apr  6 2024, 18:45:05) [GCC 9.4.0]',
  version: {
    raw: '3.10.14',
    major: 3,
    minor: 10,
    patch: 14,
    build: [],
    prerelease: [ 'final', '0' ]
  },
  displayName: 'Python 3.10.14 64-bit',
  detailedDisplayName: 'Python 3.10.14 64-bit',
  type: undefined
} /usr/local/lib/code-server-4.103.2/lib/vscode/extensions/ms-python.python-2025.12.0/python_files/installed_check.py /voc/work/W1_package/requirements.txt
2026-08-16 15:07:57.464 [info] > /bin/python /usr/local/lib/code-server-4.103.2/lib/vscode/extensions/ms-python.python-2025.12.0/python_files/installed_check.py ./W1_package/requirements.txt
2026-08-16 15:07:57.464 [info] Python interpreter path: /bin/python
2026-08-16 15:07:58.611 [info] Starting Jedi language server for work.
2026-08-16 15:10:32.363 [error] Could not find debugpy path.
2026-08-16 15:17:20.910 [info] Discover tests for workspace name: work - uri: /voc/work/.local/share/code-server/User/settings.json
