2026-08-15 16:18:22.645 [info] [main] Log level: Info
2026-08-15 16:18:22.645 [info] [main] Validating found git in: "git"
2026-08-15 16:18:22.645 [info] [main] Using git "2.25.1" from "git"
2026-08-15 16:18:22.645 [info] [Model][doInitialScan] Initial repository scan started
2026-08-15 16:18:22.648 [info] > git rev-parse --show-toplevel [3ms]
2026-08-15 16:18:22.648 [info] fatal: not a git repository (or any parent up to mount point /voc)
Stopping at filesystem boundary (GIT_DISCOVERY_ACROSS_FILESYSTEM not set).
2026-08-15 16:18:22.648 [info] > git rev-parse --show-toplevel [3ms]
2026-08-15 16:18:22.648 [info] fatal: not a git repository (or any parent up to mount point /voc)
Stopping at filesystem boundary (GIT_DISCOVERY_ACROSS_FILESYSTEM not set).
2026-08-15 16:18:22.648 [info] > git rev-parse --show-toplevel [2ms]
2026-08-15 16:18:22.648 [info] fatal: not a git repository (or any parent up to mount point /voc)
Stopping at filesystem boundary (GIT_DISCOVERY_ACROSS_FILESYSTEM not set).
2026-08-15 16:18:22.648 [info] > git rev-parse --show-toplevel [1ms]
2026-08-15 16:18:22.648 [info] fatal: not a git repository (or any parent up to mount point /voc)
Stopping at filesystem boundary (GIT_DISCOVERY_ACROSS_FILESYSTEM not set).
2026-08-15 16:18:22.648 [info] > git rev-parse --show-toplevel [2ms]
2026-08-15 16:18:22.648 [info] fatal: not a git repository (or any parent up to mount point /voc)
Stopping at filesystem boundary (GIT_DISCOVERY_ACROSS_FILESYSTEM not set).
2026-08-15 16:18:22.648 [info] > git rev-parse --show-toplevel [2ms]
2026-08-15 16:18:22.648 [info] fatal: not a git repository (or any parent up to mount point /voc)
Stopping at filesystem boundary (GIT_DISCOVERY_ACROSS_FILESYSTEM not set).
2026-08-15 16:18:22.648 [info] > git rev-parse --show-toplevel [2ms]
2026-08-15 16:18:22.648 [info] fatal: not a git repository (or any parent up to mount point /voc)
Stopping at filesystem boundary (GIT_DISCOVERY_ACROSS_FILESYSTEM not set).
2026-08-15 16:18:22.648 [info] > git rev-parse --show-toplevel [1ms]
2026-08-15 16:18:22.648 [info] fatal: not a git repository (or any parent up to mount point /voc)
Stopping at filesystem boundary (GIT_DISCOVERY_ACROSS_FILESYSTEM not set).
2026-08-15 16:18:22.648 [info] > git rev-parse --show-toplevel [2ms]
2026-08-15 16:18:22.648 [info] fatal: not a git repository (or any parent up to mount point /voc)
Stopping at filesystem boundary (GIT_DISCOVERY_ACROSS_FILESYSTEM not set).
2026-08-15 16:18:22.648 [info] > git rev-parse --show-toplevel [2ms]
2026-08-15 16:18:22.648 [info] fatal: not a git repository (or any parent up to mount point /voc)
Stopping at filesystem boundary (GIT_DISCOVERY_ACROSS_FILESYSTEM not set).
2026-08-15 16:18:22.648 [info] > git rev-parse --show-toplevel [2ms]
2026-08-15 16:18:22.648 [info] fatal: not a git repository (or any parent up to mount point /voc)
Stopping at filesystem boundary (GIT_DISCOVERY_ACROSS_FILESYSTEM not set).
2026-08-15 16:18:22.648 [info] > git rev-parse --show-toplevel [1ms]
2026-08-15 16:18:22.648 [info] fatal: not a git repository (or any parent up to mount point /voc)
Stopping at filesystem boundary (GIT_DISCOVERY_ACROSS_FILESYSTEM not set).
2026-08-15 16:18:22.648 [info] > git rev-parse --show-toplevel [1ms]
2026-08-15 16:18:22.648 [info] fatal: not a git repository (or any parent up to mount point /voc)
Stopping at filesystem boundary (GIT_DISCOVERY_ACROSS_FILESYSTEM not set).
2026-08-15 16:18:22.648 [info] [Model][doInitialScan] Initial repository scan completed - repositories (0), closed repositories (0), parent repositories (0), unsafe repositories (0)
2026-08-15 16:18:24.742 [info] > git rev-parse --show-toplevel [2ms]
2026-08-15 16:18:24.743 [info] fatal: not a git repository (or any parent up to mount point /voc)
Stopping at filesystem boundary (GIT_DISCOVERY_ACROSS_FILESYSTEM not set).
2026-08-15 16:18:38.269 [info] > git rev-parse --show-toplevel [4ms]
2026-08-15 16:18:38.270 [info] fatal: not a git repository (or any parent up to mount point /voc)
Stopping at filesystem boundary (GIT_DISCOVERY_ACROSS_FILESYSTEM not set).
2026-08-15 16:18:41.002 [info] > git rev-parse --show-toplevel [10ms]
2026-08-15 16:18:41.002 [info] fatal: not a git repository (or any parent up to mount point /voc)
Stopping at filesystem boundary (GIT_DISCOVERY_ACROSS_FILESYSTEM not set).
2026-08-15 16:31:23.863 [info] > git rev-parse --show-toplevel [9ms]
2026-08-15 16:31:23.863 [info] fatal: not a git repository (or any parent up to mount point /voc)
Stopping at filesystem boundary (GIT_DISCOVERY_ACROSS_FILESYSTEM not set).
